
26-03-01 17:35:36 [-] [2026-03-01(17:35)]: |GMnemosyne connected|n
26-03-01 17:38:57 [-] [2026-03-01(17:38)]: |GLethe connected|n
26-03-01 17:41:22 [-] [2026-03-01(17:41)]: |GMnemosyne connected|n
26-03-01 17:43:48 [-] [2026-03-01(17:43)]: |GLethe connected|n
26-03-01 17:45:36 [-] [2026-03-01(17:45)]: |RLethe disconnected ()|n
26-03-01 17:48:09 [-] [2026-03-01(17:48)]: |GLethe connected|n
26-03-01 17:52:10 [-] [2026-03-01(17:52)]: |GLethe connected|n
26-03-01 17:54:22 [-] [2026-03-01(17:54)]: |GLethe connected|n
26-03-01 17:55:08 [-] [2026-03-01(17:55)]: |GMnemosyne connected|n
26-03-01 17:57:28 [-] [2026-03-01(17:57)]: |GLethe connected|n
26-03-01 17:58:49 [-] [2026-03-01(17:58)]: |RLethe disconnected ()|n
26-03-01 17:59:24 [-] [2026-03-01(17:59)]: |GMnemosyne connected|n
26-03-01 18:05:50 [-] [2026-03-01(18:05)]: |GLethe connected|n
26-03-01 18:29:05 [-] [2026-03-01(18:29)]: |GMnemosyne connected|n
26-03-01 18:35:51 [-] [2026-03-01(18:35)]: |RMnemosyne disconnected ()|n
26-03-01 18:36:02 [-] [2026-03-01(18:36)]: |GMnemosyne connected|n
26-03-01 18:37:34 [-] [2026-03-01(18:37)]: |RMnemosyne disconnected ()|n
26-03-01 18:37:44 [-] [2026-03-01(18:37)]: |GMnemosyne connected|n
26-03-01 19:25:12 [-] [2026-03-01(19:25)]: |RLethe disconnected ()|n
26-03-02 09:00:57 [-] [2026-03-02(09:00)]: |GLethe connected|n
26-03-02 09:04:42 [-] [2026-03-02(09:04)]: |GLethe connected|n
26-03-02 09:08:49 [-] [2026-03-02(09:08)]: |RLethe disconnected ()|n
26-03-02 09:09:56 [-] [2026-03-02(09:09)]: |GLethe connected|n
26-03-02 09:14:06 [-] [2026-03-02(09:14)]: |GLethe connected|n
26-03-02 09:17:04 [-] [2026-03-02(09:17)]: |RLethe disconnected ()|n
26-03-02 15:37:47 [-] [2026-03-02(15:37)]: |GMnemosyne connected|n
26-03-02 16:16:47 [-] [2026-03-02(16:16)]: |GKatral connected|n
26-03-02 16:28:53 [-] [2026-03-02(16:28)]: |RKatral disconnected (quit)|n
26-03-02 17:57:57 [-] [2026-03-02(17:57)]: |GSoma connected|n
26-03-02 18:12:25 [-] [2026-03-02(18:12)]: |GSoma connected|n
26-03-02 18:13:44 [-] [2026-03-02(18:13)]: |GMnemosyne connected|n
26-03-03 01:34:02 [-] [2026-03-03(01:34)]: |RSoma disconnected (quit)|n
26-03-03 05:31:35 [-] [2026-03-03(05:31)]: |GMnemosyne connected|n
26-03-03 19:52:01 [-] [2026-03-03(19:52)]: |GSoma connected|n
26-03-03 23:29:53 [-] [2026-03-03(23:29)]: |GLethe connected|n
26-03-04 07:04:20 [-] [2026-03-04(07:04)]: |RSoma disconnected (quit)|n
26-03-04 07:04:23 [-] [2026-03-04(07:04)]: |RLethe disconnected (quit)|n
26-03-04 15:04:32 [-] [2026-03-04(15:04)]: |RMnemosyne disconnected ()|n
26-03-04 16:27:16 [-] [2026-03-04(16:27)]: |GMnemosyne connected|n
26-03-04 16:28:35 [-] [2026-03-04(16:28)]: |RMnemosyne disconnected ()|n
26-03-04 16:28:47 [-] [2026-03-04(16:28)]: |GMnemosyne connected|n
26-03-04 17:45:39 [-] [2026-03-04(17:45)]: |GKatral connected|n
26-03-04 20:45:57 [-] [2026-03-04(20:45)]: |RMnemosyne disconnected ()|n
26-03-04 20:48:56 [-] [2026-03-04(20:48)]: |RKatral disconnected ()|n
26-03-04 23:15:35 [-] [2026-03-04(23:15)]: |GValin connected|n
26-03-04 23:48:58 [-] [2026-03-04(23:48)]: |RValin disconnected ()|n
26-03-04 23:49:09 [-] [2026-03-04(23:49)]: |GValin connected|n
26-03-04 23:54:49 [-] [2026-03-04(23:54)]: |GSoma connected|n
26-03-05 01:05:06 [-] [2026-03-05(01:05)]: |RSoma disconnected (quit)|n
26-03-05 15:00:21 [-] [2026-03-05(15:00)]: |GMnemosyne connected|n
26-03-06 22:58:25 [-] [2026-03-06(22:58)]: |GSoma connected|n
26-03-07 21:37:17 [-] [2026-03-07(21:37)]: |RSoma disconnected (quit)|n
26-03-07 21:37:21 [-] [2026-03-07(21:37)]: |GSoma connected|n
26-03-08 01:43:56 [-] [2026-03-08(01:43)]: |RMnemosyne disconnected ()|n
26-03-08 01:44:17 [-] [2026-03-08(01:44)]: |GMnemosyne connected|n
26-03-08 01:44:26 [-] [2026-03-08(01:44)]: |RMnemosyne disconnected ()|n
26-03-08 01:44:40 [-] [2026-03-08(01:44)]: |GMnemosyne connected|n
26-03-08 20:41:48 [-] [2026-03-08(20:41)]: |RMnemosyne disconnected ()|n
26-03-08 21:21:09 [-] [2026-03-08(21:21)]: |GMnemosyne connected|n
26-03-09 00:11:18 [-] [2026-03-09(00:11)]: |RSoma disconnected ()|n
26-03-09 00:24:19 [-] [2026-03-09(00:24)]: |GSoma connected|n
26-03-09 00:30:48 [-] [2026-03-09(00:30)]: |GMnemosyne connected|n
26-03-09 00:30:50 [-] [2026-03-09(00:30)]: |GSoma connected|n
26-03-10 06:35:42 [-] [2026-03-10(06:35)]: |GSoma connected|n
26-03-10 06:37:25 [-] [2026-03-10(06:37)]: |GSoma connected|n
26-03-10 13:08:46 [-] [2026-03-10(13:08)]: |GMnemosyne connected|n
26-03-10 13:58:44 [-] [2026-03-10(13:58)]: |RMnemosyne disconnected (Logged in from elsewhere. Disconnecting.)|n
26-03-10 13:58:44 [-] [2026-03-10(13:58)]: |GMnemosyne connected|n
26-03-10 18:44:00 [-] [2026-03-10(18:44)]: |GSoma connected|n
26-03-10 21:06:14 [-] [2026-03-10(21:06)]: |GMnemosyne connected|n
26-03-11 00:00:44 [-] [2026-03-11(00:00)]: |RMnemosyne disconnected (Logged in from elsewhere. Disconnecting.)|n
26-03-11 00:00:44 [-] [2026-03-11(00:00)]: |GMnemosyne connected|n
26-03-11 08:36:03 [-] [2026-03-11(08:36)]: |RSoma disconnected ()|n
26-03-11 14:11:07 [-] [2026-03-11(14:11)]: |RMnemosyne disconnected (Logged in from elsewhere. Disconnecting.)|n
26-03-11 14:11:07 [-] [2026-03-11(14:11)]: |GMnemosyne connected|n
26-03-12 01:14:12 [-] [2026-03-12(01:14)]: |RMnemosyne disconnected (Logged in from elsewhere. Disconnecting.)|n
26-03-12 01:14:12 [-] [2026-03-12(01:14)]: |GMnemosyne connected|n