
26-03-01 11:39:15 [-] LockHandler on Lethe(account 1): access type 'examine' changed from 'examine:perm(Admin)' to 'examine:perm(Admin)' 
LockHandler on Lethe(account 1): access type 'edit' changed from 'edit:perm(Admin)' to 'edit:perm(Admin)' 
LockHandler on Lethe(account 1): access type 'delete' changed from 'delete:perm(Admin)' to 'delete:perm(Admin)' 
LockHandler on Lethe(account 1): access type 'boot' changed from 'boot:perm(Admin)' to 'boot:perm(Admin)' 
LockHandler on Lethe(account 1): access type 'msg' changed from 'msg:all()' to 'msg:all()' 
LockHandler on Lethe(account 1): access type 'noidletimeout' changed from 'noidletimeout:perm(Builder) or perm(noidletimeout)' to 'noidletimeout:perm(Builder) or perm(noidletimeout)'
26-03-01 11:39:16 [-] LockHandler on Lethe(account 1): access type 'examine' changed from 'examine:perm(Admin)' to 'examine:perm(Developer)' 
LockHandler on Lethe(account 1): access type 'edit' changed from 'edit:perm(Admin)' to 'edit:false()' 
LockHandler on Lethe(account 1): access type 'delete' changed from 'delete:perm(Admin)' to 'delete:false()' 
LockHandler on Lethe(account 1): access type 'boot' changed from 'boot:perm(Admin)' to 'boot:false()' 
LockHandler on Lethe(account 1): access type 'msg' changed from 'msg:all()' to 'msg:all()'
26-03-01 11:39:16 [-] LockHandler on Lethe: access type 'get' changed from 'get:all()' to 'get:false()' 
LockHandler on Lethe: access type 'call' changed from 'call:true()' to 'call:false()' 
LockHandler on Lethe: access type 'teleport' changed from 'teleport:true()' to 'teleport:perm(Admin)' 
LockHandler on Lethe: access type 'teleport_here' changed from 'teleport_here:true()' to 'teleport_here:perm(Admin)'
26-03-01 11:39:16 [-] LockHandler on Lethe: access type 'puppet' changed from 'puppet:pperm(Developer)' to 'puppet:pid(1) or id(Lethe) or perm(Developer) or pperm(Developer)' 
LockHandler on Lethe: access type 'delete' changed from 'delete:perm(Admin)' to 'delete:pid(1) or perm(Admin)' 
LockHandler on Lethe: access type 'edit' changed from 'edit:perm(Admin)' to 'edit:pid(1) or perm(Admin)'
26-03-01 11:39:16 [-] LockHandler on Lethe: access type 'puppet' changed from 'puppet:pid(1) or id(Lethe) or perm(Developer) or pperm(Developer)' to 'puppet:id(1) or pid(1) or perm(Developer) or pperm(Developer)' 
LockHandler on Lethe: access type 'delete' changed from 'delete:pid(1) or perm(Admin)' to 'delete:id(1) or perm(Admin)'
26-03-01 11:39:16 [-] LockHandler on Lethe: access type 'examine' changed from 'examine:perm(Builder)' to 'examine:perm(Developer)' 
LockHandler on Lethe: access type 'edit' changed from 'edit:pid(1) or perm(Admin)' to 'edit:false()' 
LockHandler on Lethe: access type 'delete' changed from 'delete:id(1) or perm(Admin)' to 'delete:false()' 
LockHandler on Lethe: access type 'puppet' changed from 'puppet:id(1) or pid(1) or perm(Developer) or pperm(Developer)' to 'puppet:false()'
26-03-01 11:39:16 [-] LockHandler on Limbo: access type 'get' changed from 'get:all()' to 'get:false()' 
LockHandler on Limbo: access type 'puppet' changed from 'puppet:pperm(Developer)' to 'puppet:false()' 
LockHandler on Limbo: access type 'teleport' changed from 'teleport:true()' to 'teleport:false()' 
LockHandler on Limbo: access type 'teleport_here' changed from 'teleport_here:true()' to 'teleport_here:true()'
26-03-01 11:39:16 [-] LockHandler on Channel 'MudInfo' (None): access type 'control' changed from 'control:perm(Admin)' to 'control:perm(Developer)' 
LockHandler on Channel 'MudInfo' (None): access type 'listen' changed from 'listen:all()' to 'listen:perm(Admin)' 
LockHandler on Channel 'MudInfo' (None): access type 'send' changed from 'send:all()' to 'send:false()'
26-03-01 11:39:16 [-] LockHandler on Channel 'Public' (None): access type 'control' changed from 'control:perm(Admin)' to 'control:perm(Admin)' 
LockHandler on Channel 'Public' (None): access type 'listen' changed from 'listen:all()' to 'listen:all()' 
LockHandler on Channel 'Public' (None): access type 'send' changed from 'send:all()' to 'send:all()'
26-03-01 17:54:27 [-] LockHandler on Test: access type 'get' changed from 'get:all()' to 'get:false()' 
LockHandler on Test: access type 'call' changed from 'call:true()' to 'call:false()' 
LockHandler on Test: access type 'teleport' changed from 'teleport:true()' to 'teleport:perm(Admin)' 
LockHandler on Test: access type 'teleport_here' changed from 'teleport_here:true()' to 'teleport_here:perm(Admin)'
26-03-01 17:54:27 [-] LockHandler on Test: access type 'puppet' changed from 'puppet:pperm(Developer)' to 'puppet:id(1) or pid(1) or pperm(Developer)' 
LockHandler on Test: access type 'delete' changed from 'delete:perm(Admin)' to 'delete:id(1) or perm(Admin)'
26-03-01 17:55:14 [-] LockHandler on Test: access type 'get' changed from 'get:all()' to 'get:false()' 
LockHandler on Test: access type 'call' changed from 'call:true()' to 'call:false()' 
LockHandler on Test: access type 'teleport' changed from 'teleport:true()' to 'teleport:perm(Admin)' 
LockHandler on Test: access type 'teleport_here' changed from 'teleport_here:true()' to 'teleport_here:perm(Admin)'
26-03-01 17:55:15 [-] LockHandler on Test: access type 'puppet' changed from 'puppet:pperm(Developer)' to 'puppet:id(2) or pid(2) or pperm(Developer)' 
LockHandler on Test: access type 'delete' changed from 'delete:perm(Admin)' to 'delete:id(2) or perm(Admin)'
26-03-01 17:56:13 [-] LockHandler on @tasks: access type 'cmd' changed from 'cmd:all()' to 'cmd:perm(Developer)'
26-03-01 17:56:13 [-] LockHandler on @tunnel: access type 'cmd' changed from 'cmd:all()' to 'cmd: perm(tunnel) or perm(Builder)'
26-03-01 17:56:13 [-] LockHandler on @lock: access type 'cmd' changed from 'cmd:all()' to 'cmd: perm(locks) or perm(Builder)'
26-03-01 18:00:13 [-] LockHandler on @lock: access type 'cmd' changed from 'cmd:all()' to 'cmd: perm(locks) or perm(Builder)'
26-03-01 18:00:13 [-] LockHandler on @tunnel: access type 'cmd' changed from 'cmd:all()' to 'cmd: perm(tunnel) or perm(Builder)'
26-03-01 18:00:13 [-] LockHandler on @tasks: access type 'cmd' changed from 'cmd:all()' to 'cmd:perm(Developer)'
26-03-01 18:36:45 [-] LockHandler on CGTest: access type 'get' changed from 'get:all()' to 'get:false()' 
LockHandler on CGTest: access type 'call' changed from 'call:true()' to 'call:false()' 
LockHandler on CGTest: access type 'teleport' changed from 'teleport:true()' to 'teleport:perm(Admin)' 
LockHandler on CGTest: access type 'teleport_here' changed from 'teleport_here:true()' to 'teleport_here:perm(Admin)'
26-03-01 18:36:46 [-] LockHandler on CGTest: access type 'puppet' changed from 'puppet:pperm(Developer)' to 'puppet:pid(2) or id(CGTest) or perm(Developer) or pperm(Developer)' 
LockHandler on CGTest: access type 'delete' changed from 'delete:perm(Admin)' to 'delete:pid(2) or perm(Admin)' 
LockHandler on CGTest: access type 'edit' changed from 'edit:perm(Admin)' to 'edit:pid(2) or perm(Admin)'
26-03-01 18:36:46 [-] LockHandler on CGTest: access type 'puppet' changed from 'puppet:pid(2) or id(CGTest) or perm(Developer) or pperm(Developer)' to 'puppet:id(5) or pid(2) or perm(Developer) or pperm(Developer)' 
LockHandler on CGTest: access type 'delete' changed from 'delete:pid(2) or perm(Admin)' to 'delete:id(2) or perm(Admin)'
26-03-01 21:03:50 [-] LockHandler on @tunnel: access type 'cmd' changed from 'cmd:all()' to 'cmd: perm(tunnel) or perm(Builder)'
26-03-01 21:03:50 [-] LockHandler on @tasks: access type 'cmd' changed from 'cmd:all()' to 'cmd:perm(Developer)'
26-03-01 21:03:50 [-] LockHandler on @lock: access type 'cmd' changed from 'cmd:all()' to 'cmd: perm(locks) or perm(Builder)'
26-03-02 02:15:35 [-] LockHandler on Welcome Room: access type 'get' changed from 'get:all()' to 'get:false()' 
LockHandler on Welcome Room: access type 'puppet' changed from 'puppet:pperm(Developer)' to 'puppet:false()' 
LockHandler on Welcome Room: access type 'teleport' changed from 'teleport:true()' to 'teleport:false()' 
LockHandler on Welcome Room: access type 'teleport_here' changed from 'teleport_here:true()' to 'teleport_here:true()'
26-03-02 02:15:35 [-] LockHandler on Welcome Room: access type 'control' changed from 'control:perm(Developer)' to 'control:id(5) or perm(Admin)' 
LockHandler on Welcome Room: access type 'delete' changed from 'delete:perm(Admin)' to 'delete:id(5) or perm(Admin)' 
LockHandler on Welcome Room: access type 'edit' changed from 'edit:perm(Admin)' to 'edit:id(5) or perm(Admin)'
26-03-02 02:15:35 [-] LockHandler on Welcome Room: access type 'puppet' changed from 'puppet:pperm(Developer)' to 'puppet:false()' 
LockHandler on Welcome Room: access type 'get' changed from 'get:all()' to 'get:false()' 
LockHandler on Welcome Room: access type 'teleport' changed from 'teleport:true()' to 'teleport:false()' 
LockHandler on Welcome Room: access type 'teleport_here' changed from 'teleport_here:true()' to 'teleport_here:false()'
26-03-02 02:15:35 [-] LockHandler on Welcome Room: access type 'control' changed from 'control:perm(Developer)' to 'control:id(5) or perm(Admin)' 
LockHandler on Welcome Room: access type 'delete' changed from 'delete:perm(Admin)' to 'delete:id(5) or perm(Admin)' 
LockHandler on Welcome Room: access type 'edit' changed from 'edit:perm(Admin)' to 'edit:id(5) or perm(Admin)'
26-03-02 02:15:35 [-] LockHandler on Limbo: access type 'puppet' changed from 'puppet:pperm(Developer)' to 'puppet:false()' 
LockHandler on Limbo: access type 'get' changed from 'get:all()' to 'get:false()' 
LockHandler on Limbo: access type 'teleport' changed from 'teleport:true()' to 'teleport:false()' 
LockHandler on Limbo: access type 'teleport_here' changed from 'teleport_here:true()' to 'teleport_here:false()'
26-03-02 02:15:35 [-] LockHandler on Limbo: access type 'control' changed from 'control:perm(Developer)' to 'control:id(5) or perm(Admin)' 
LockHandler on Limbo: access type 'delete' changed from 'delete:perm(Admin)' to 'delete:id(5) or perm(Admin)' 
LockHandler on Limbo: access type 'edit' changed from 'edit:perm(Admin)' to 'edit:id(5) or perm(Admin)'
26-03-02 02:42:43 [-] LockHandler on Plot Rooms: access type 'get' changed from 'get:all()' to 'get:false()' 
LockHandler on Plot Rooms: access type 'puppet' changed from 'puppet:pperm(Developer)' to 'puppet:false()' 
LockHandler on Plot Rooms: access type 'teleport' changed from 'teleport:true()' to 'teleport:false()' 
LockHandler on Plot Rooms: access type 'teleport_here' changed from 'teleport_here:true()' to 'teleport_here:true()'
26-03-02 02:42:43 [-] LockHandler on Plot Rooms: access type 'control' changed from 'control:perm(Developer)' to 'control:id(5) or perm(Admin)' 
LockHandler on Plot Rooms: access type 'delete' changed from 'delete:perm(Admin)' to 'delete:id(5) or perm(Admin)' 
LockHandler on Plot Rooms: access type 'edit' changed from 'edit:perm(Admin)' to 'edit:id(5) or perm(Admin)'
26-03-02 02:42:43 [-] LockHandler on PR: access type 'puppet' changed from 'puppet:pperm(Developer)' to 'puppet:false()' 
LockHandler on PR: access type 'get' changed from 'get:all()' to 'get:false()' 
LockHandler on PR: access type 'teleport' changed from 'teleport:true()' to 'teleport:false()' 
LockHandler on PR: access type 'teleport_here' changed from 'teleport_here:true()' to 'teleport_here:false()'
26-03-02 02:42:43 [-] LockHandler on PR: access type 'control' changed from 'control:perm(Developer)' to 'control:id(5) or perm(Admin)' 
LockHandler on PR: access type 'delete' changed from 'delete:perm(Admin)' to 'delete:id(5) or perm(Admin)' 
LockHandler on PR: access type 'edit' changed from 'edit:perm(Admin)' to 'edit:id(5) or perm(Admin)'
26-03-02 02:42:43 [-] LockHandler on Welcome Room: access type 'puppet' changed from 'puppet:pperm(Developer)' to 'puppet:false()' 
LockHandler on Welcome Room: access type 'get' changed from 'get:all()' to 'get:false()' 
LockHandler on Welcome Room: access type 'teleport' changed from 'teleport:true()' to 'teleport:false()' 
LockHandler on Welcome Room: access type 'teleport_here' changed from 'teleport_here:true()' to 'teleport_here:false()'
26-03-02 02:42:43 [-] LockHandler on Welcome Room: access type 'control' changed from 'control:perm(Developer)' to 'control:id(5) or perm(Admin)' 
LockHandler on Welcome Room: access type 'delete' changed from 'delete:perm(Admin)' to 'delete:id(5) or perm(Admin)' 
LockHandler on Welcome Room: access type 'edit' changed from 'edit:perm(Admin)' to 'edit:id(5) or perm(Admin)'
26-03-02 02:46:20 [-] LockHandler on Night City: access type 'get' changed from 'get:all()' to 'get:false()' 
LockHandler on Night City: access type 'puppet' changed from 'puppet:pperm(Developer)' to 'puppet:false()' 
LockHandler on Night City: access type 'teleport' changed from 'teleport:true()' to 'teleport:false()' 
LockHandler on Night City: access type 'teleport_here' changed from 'teleport_here:true()' to 'teleport_here:true()'
26-03-02 02:46:20 [-] LockHandler on Night City: access type 'control' changed from 'control:perm(Developer)' to 'control:id(5) or perm(Admin)' 
LockHandler on Night City: access type 'delete' changed from 'delete:perm(Admin)' to 'delete:id(5) or perm(Admin)' 
LockHandler on Night City: access type 'edit' changed from 'edit:perm(Admin)' to 'edit:id(5) or perm(Admin)'
26-03-02 02:46:20 [-] LockHandler on NC: access type 'puppet' changed from 'puppet:pperm(Developer)' to 'puppet:false()' 
LockHandler on NC: access type 'get' changed from 'get:all()' to 'get:false()' 
LockHandler on NC: access type 'teleport' changed from 'teleport:true()' to 'teleport:false()' 
LockHandler on NC: access type 'teleport_here' changed from 'teleport_here:true()' to 'teleport_here:false()'
26-03-02 02:46:20 [-] LockHandler on NC: access type 'control' changed from 'control:perm(Developer)' to 'control:id(5) or perm(Admin)' 
LockHandler on NC: access type 'delete' changed from 'delete:perm(Admin)' to 'delete:id(5) or perm(Admin)' 
LockHandler on NC: access type 'edit' changed from 'edit:perm(Admin)' to 'edit:id(5) or perm(Admin)'
26-03-02 02:46:20 [-] LockHandler on Welcome Room: access type 'puppet' changed from 'puppet:pperm(Developer)' to 'puppet:false()' 
LockHandler on Welcome Room: access type 'get' changed from 'get:all()' to 'get:false()' 
LockHandler on Welcome Room: access type 'teleport' changed from 'teleport:true()' to 'teleport:false()' 
LockHandler on Welcome Room: access type 'teleport_here' changed from 'teleport_here:true()' to 'teleport_here:false()'
26-03-02 02:46:20 [-] LockHandler on Welcome Room: access type 'control' changed from 'control:perm(Developer)' to 'control:id(5) or perm(Admin)' 
LockHandler on Welcome Room: access type 'delete' changed from 'delete:perm(Admin)' to 'delete:id(5) or perm(Admin)' 
LockHandler on Welcome Room: access type 'edit' changed from 'edit:perm(Admin)' to 'edit:id(5) or perm(Admin)'
26-03-02 02:52:07 [-] LockHandler on Chargen Room: access type 'get' changed from 'get:all()' to 'get:false()' 
LockHandler on Chargen Room: access type 'puppet' changed from 'puppet:pperm(Developer)' to 'puppet:false()' 
LockHandler on Chargen Room: access type 'teleport' changed from 'teleport:true()' to 'teleport:false()' 
LockHandler on Chargen Room: access type 'teleport_here' changed from 'teleport_here:true()' to 'teleport_here:true()'
26-03-02 02:52:07 [-] LockHandler on Chargen Room: access type 'control' changed from 'control:perm(Developer)' to 'control:id(5) or perm(Admin)' 
LockHandler on Chargen Room: access type 'delete' changed from 'delete:perm(Admin)' to 'delete:id(5) or perm(Admin)' 
LockHandler on Chargen Room: access type 'edit' changed from 'edit:perm(Admin)' to 'edit:id(5) or perm(Admin)'
26-03-02 02:52:07 [-] LockHandler on Chargen Room: access type 'puppet' changed from 'puppet:pperm(Developer)' to 'puppet:false()' 
LockHandler on Chargen Room: access type 'get' changed from 'get:all()' to 'get:false()' 
LockHandler on Chargen Room: access type 'teleport' changed from 'teleport:true()' to 'teleport:false()' 
LockHandler on Chargen Room: access type 'teleport_here' changed from 'teleport_here:true()' to 'teleport_here:false()'
26-03-02 02:52:07 [-] LockHandler on Chargen Room: access type 'control' changed from 'control:perm(Developer)' to 'control:id(5) or perm(Admin)' 
LockHandler on Chargen Room: access type 'delete' changed from 'delete:perm(Admin)' to 'delete:id(5) or perm(Admin)' 
LockHandler on Chargen Room: access type 'edit' changed from 'edit:perm(Admin)' to 'edit:id(5) or perm(Admin)'
26-03-02 02:52:07 [-] LockHandler on CG: access type 'puppet' changed from 'puppet:pperm(Developer)' to 'puppet:false()' 
LockHandler on CG: access type 'get' changed from 'get:all()' to 'get:false()' 
LockHandler on CG: access type 'teleport' changed from 'teleport:true()' to 'teleport:false()' 
LockHandler on CG: access type 'teleport_here' changed from 'teleport_here:true()' to 'teleport_here:false()'
26-03-02 02:52:07 [-] LockHandler on CG: access type 'control' changed from 'control:perm(Developer)' to 'control:id(5) or perm(Admin)' 
LockHandler on CG: access type 'delete' changed from 'delete:perm(Admin)' to 'delete:id(5) or perm(Admin)' 
LockHandler on CG: access type 'edit' changed from 'edit:perm(Admin)' to 'edit:id(5) or perm(Admin)'
26-03-02 15:38:11 [-] LockHandler on @lock: access type 'cmd' changed from 'cmd:all()' to 'cmd: perm(locks) or perm(Builder)'
26-03-02 15:38:11 [-] LockHandler on @tunnel: access type 'cmd' changed from 'cmd:all()' to 'cmd: perm(tunnel) or perm(Builder)'
26-03-02 15:38:11 [-] LockHandler on @tasks: access type 'cmd' changed from 'cmd:all()' to 'cmd:perm(Developer)'
26-03-02 16:16:57 [-] LockHandler on Katral: access type 'get' changed from 'get:all()' to 'get:false()' 
LockHandler on Katral: access type 'call' changed from 'call:true()' to 'call:false()' 
LockHandler on Katral: access type 'teleport' changed from 'teleport:true()' to 'teleport:perm(Admin)' 
LockHandler on Katral: access type 'teleport_here' changed from 'teleport_here:true()' to 'teleport_here:perm(Admin)'
26-03-02 16:16:57 [-] LockHandler on Katral: access type 'puppet' changed from 'puppet:pperm(Developer)' to 'puppet:id(3) or pid(3) or pperm(Developer)' 
LockHandler on Katral: access type 'delete' changed from 'delete:perm(Admin)' to 'delete:id(3) or perm(Admin)'
26-03-02 16:17:38 [-] LockHandler on @lock: access type 'cmd' changed from 'cmd:all()' to 'cmd: perm(locks) or perm(Builder)'
26-03-02 16:17:38 [-] LockHandler on @tunnel: access type 'cmd' changed from 'cmd:all()' to 'cmd: perm(tunnel) or perm(Builder)'
26-03-02 16:25:41 [-] LockHandler on @tasks: access type 'cmd' changed from 'cmd:all()' to 'cmd:perm(Developer)'
26-03-02 16:31:53 [-] LockHandler on Mnemosyne: access type 'get' changed from 'get:all()' to 'get:false()' 
LockHandler on Mnemosyne: access type 'call' changed from 'call:true()' to 'call:false()' 
LockHandler on Mnemosyne: access type 'teleport' changed from 'teleport:true()' to 'teleport:perm(Admin)' 
LockHandler on Mnemosyne: access type 'teleport_here' changed from 'teleport_here:true()' to 'teleport_here:perm(Admin)'
26-03-02 16:31:54 [-] LockHandler on Mnemosyne: access type 'puppet' changed from 'puppet:pperm(Developer)' to 'puppet:pid(2) or id(Mnemosyne) or perm(Developer) or pperm(Developer)' 
LockHandler on Mnemosyne: access type 'delete' changed from 'delete:perm(Admin)' to 'delete:pid(2) or perm(Admin)' 
LockHandler on Mnemosyne: access type 'edit' changed from 'edit:perm(Admin)' to 'edit:pid(2) or perm(Admin)'
26-03-02 16:31:54 [-] LockHandler on Mnemosyne: access type 'puppet' changed from 'puppet:pid(2) or id(Mnemosyne) or perm(Developer) or pperm(Developer)' to 'puppet:id(19) or pid(2) or perm(Developer) or pperm(Developer)' 
LockHandler on Mnemosyne: access type 'delete' changed from 'delete:pid(2) or perm(Admin)' to 'delete:id(2) or perm(Admin)'
26-03-02 16:32:01 [-] LockHandler on @lock: access type 'cmd' changed from 'cmd:all()' to 'cmd: perm(locks) or perm(Builder)'
26-03-02 16:32:01 [-] LockHandler on @tunnel: access type 'cmd' changed from 'cmd:all()' to 'cmd: perm(tunnel) or perm(Builder)'
26-03-02 16:32:01 [-] LockHandler on @tasks: access type 'cmd' changed from 'cmd:all()' to 'cmd:perm(Developer)'
26-03-02 17:58:09 [-] LockHandler on Soma: access type 'get' changed from 'get:all()' to 'get:false()' 
LockHandler on Soma: access type 'call' changed from 'call:true()' to 'call:false()' 
LockHandler on Soma: access type 'teleport' changed from 'teleport:true()' to 'teleport:perm(Admin)' 
LockHandler on Soma: access type 'teleport_here' changed from 'teleport_here:true()' to 'teleport_here:perm(Admin)'
26-03-02 17:58:09 [-] LockHandler on Soma: access type 'puppet' changed from 'puppet:pperm(Developer)' to 'puppet:pid(4) or id(Soma) or perm(Developer) or pperm(Developer)' 
LockHandler on Soma: access type 'delete' changed from 'delete:perm(Admin)' to 'delete:pid(4) or perm(Admin)' 
LockHandler on Soma: access type 'edit' changed from 'edit:perm(Admin)' to 'edit:pid(4) or perm(Admin)'
26-03-02 17:58:09 [-] LockHandler on Soma: access type 'puppet' changed from 'puppet:pid(4) or id(Soma) or perm(Developer) or pperm(Developer)' to 'puppet:id(20) or pid(4) or perm(Developer) or pperm(Developer)' 
LockHandler on Soma: access type 'delete' changed from 'delete:pid(4) or perm(Admin)' to 'delete:id(4) or perm(Admin)'
26-03-02 17:58:47 [-] LockHandler on @tunnel: access type 'cmd' changed from 'cmd:all()' to 'cmd: perm(tunnel) or perm(Builder)'
26-03-02 17:58:47 [-] LockHandler on @lock: access type 'cmd' changed from 'cmd:all()' to 'cmd: perm(locks) or perm(Builder)'
26-03-02 18:12:37 [-] LockHandler on @tunnel: access type 'cmd' changed from 'cmd:all()' to 'cmd: perm(tunnel) or perm(Builder)'
26-03-02 18:12:37 [-] LockHandler on @tasks: access type 'cmd' changed from 'cmd:all()' to 'cmd:perm(Developer)'
26-03-02 18:12:37 [-] LockHandler on @lock: access type 'cmd' changed from 'cmd:all()' to 'cmd: perm(locks) or perm(Builder)'
26-03-02 18:13:50 [-] LockHandler on @tunnel: access type 'cmd' changed from 'cmd:all()' to 'cmd: perm(tunnel) or perm(Builder)'
26-03-02 18:13:50 [-] LockHandler on @lock: access type 'cmd' changed from 'cmd:all()' to 'cmd: perm(locks) or perm(Builder)'
26-03-02 18:13:50 [-] LockHandler on @tasks: access type 'cmd' changed from 'cmd:all()' to 'cmd:perm(Developer)'
26-03-02 19:31:20 [-] LockHandler on @lock: access type 'cmd' changed from 'cmd:all()' to 'cmd: perm(locks) or perm(Builder)'
26-03-02 19:31:20 [-] LockHandler on @tasks: access type 'cmd' changed from 'cmd:all()' to 'cmd:perm(Developer)'
26-03-02 19:31:20 [-] LockHandler on @tunnel: access type 'cmd' changed from 'cmd:all()' to 'cmd: perm(tunnel) or perm(Builder)'
26-03-03 05:31:43 [-] LockHandler on @tasks: access type 'cmd' changed from 'cmd:all()' to 'cmd:perm(Developer)'
26-03-03 05:31:43 [-] LockHandler on @lock: access type 'cmd' changed from 'cmd:all()' to 'cmd: perm(locks) or perm(Builder)'
26-03-03 05:31:43 [-] LockHandler on @tunnel: access type 'cmd' changed from 'cmd:all()' to 'cmd: perm(tunnel) or perm(Builder)'
26-03-03 21:25:18 [-] LockHandler on @tunnel: access type 'cmd' changed from 'cmd:all()' to 'cmd: perm(tunnel) or perm(Builder)'
26-03-03 21:25:18 [-] LockHandler on @lock: access type 'cmd' changed from 'cmd:all()' to 'cmd: perm(locks) or perm(Builder)'
26-03-03 21:25:18 [-] LockHandler on @tasks: access type 'cmd' changed from 'cmd:all()' to 'cmd:perm(Developer)'
26-03-03 23:33:46 [-] LockHandler on @tunnel: access type 'cmd' changed from 'cmd:all()' to 'cmd: perm(tunnel) or perm(Builder)'
26-03-03 23:33:46 [-] LockHandler on @lock: access type 'cmd' changed from 'cmd:all()' to 'cmd: perm(locks) or perm(Builder)'
26-03-03 23:33:46 [-] LockHandler on @tasks: access type 'cmd' changed from 'cmd:all()' to 'cmd:perm(Developer)'
26-03-03 23:45:53 [-] LockHandler on @tunnel: access type 'cmd' changed from 'cmd:all()' to 'cmd: perm(tunnel) or perm(Builder)'
26-03-03 23:45:53 [-] LockHandler on @lock: access type 'cmd' changed from 'cmd:all()' to 'cmd: perm(locks) or perm(Builder)'
26-03-03 23:45:53 [-] LockHandler on @tasks: access type 'cmd' changed from 'cmd:all()' to 'cmd:perm(Developer)'
26-03-03 23:56:57 [-] LockHandler on @lock: access type 'cmd' changed from 'cmd:all()' to 'cmd: perm(locks) or perm(Builder)'
26-03-03 23:56:57 [-] LockHandler on @tunnel: access type 'cmd' changed from 'cmd:all()' to 'cmd: perm(tunnel) or perm(Builder)'
26-03-03 23:56:57 [-] LockHandler on @tasks: access type 'cmd' changed from 'cmd:all()' to 'cmd:perm(Developer)'
26-03-03 23:57:21 [-] LockHandler on @lock: access type 'cmd' changed from 'cmd:all()' to 'cmd: perm(locks) or perm(Builder)'
26-03-03 23:57:21 [-] LockHandler on @tunnel: access type 'cmd' changed from 'cmd:all()' to 'cmd: perm(tunnel) or perm(Builder)'
26-03-03 23:57:21 [-] LockHandler on @tasks: access type 'cmd' changed from 'cmd:all()' to 'cmd:perm(Developer)'
26-03-04 18:21:48 [-] LockHandler on @lock: access type 'cmd' changed from 'cmd:all()' to 'cmd: perm(locks) or perm(Builder)'
26-03-04 18:21:48 [-] LockHandler on @tunnel: access type 'cmd' changed from 'cmd:all()' to 'cmd: perm(tunnel) or perm(Builder)'
26-03-04 18:21:48 [-] LockHandler on @tasks: access type 'cmd' changed from 'cmd:all()' to 'cmd:perm(Developer)'
26-03-04 23:17:51 [-] LockHandler on Nick: access type 'get' changed from 'get:all()' to 'get:false()' 
LockHandler on Nick: access type 'call' changed from 'call:true()' to 'call:false()' 
LockHandler on Nick: access type 'teleport' changed from 'teleport:true()' to 'teleport:perm(Admin)' 
LockHandler on Nick: access type 'teleport_here' changed from 'teleport_here:true()' to 'teleport_here:perm(Admin)'
26-03-04 23:17:51 [-] LockHandler on Nick: access type 'puppet' changed from 'puppet:pperm(Developer)' to 'puppet:pid(5) or id(Nick) or perm(Developer) or pperm(Developer)' 
LockHandler on Nick: access type 'delete' changed from 'delete:perm(Admin)' to 'delete:pid(5) or perm(Admin)' 
LockHandler on Nick: access type 'edit' changed from 'edit:perm(Admin)' to 'edit:pid(5) or perm(Admin)'
26-03-04 23:17:51 [-] LockHandler on Nick: access type 'puppet' changed from 'puppet:pid(5) or id(Nick) or perm(Developer) or pperm(Developer)' to 'puppet:id(22) or pid(5) or perm(Developer) or pperm(Developer)' 
LockHandler on Nick: access type 'delete' changed from 'delete:pid(5) or perm(Admin)' to 'delete:id(5) or perm(Admin)'
26-03-04 23:18:33 [-] LockHandler on @lock: access type 'cmd' changed from 'cmd:all()' to 'cmd: perm(locks) or perm(Builder)'
26-03-04 23:18:33 [-] LockHandler on @tasks: access type 'cmd' changed from 'cmd:all()' to 'cmd:perm(Developer)'
26-03-04 23:18:33 [-] LockHandler on @tunnel: access type 'cmd' changed from 'cmd:all()' to 'cmd: perm(tunnel) or perm(Builder)'
26-03-04 23:55:24 [-] LockHandler on @tunnel: access type 'cmd' changed from 'cmd:all()' to 'cmd: perm(tunnel) or perm(Builder)'
26-03-04 23:55:24 [-] LockHandler on @tasks: access type 'cmd' changed from 'cmd:all()' to 'cmd:perm(Developer)'
26-03-04 23:55:24 [-] LockHandler on @lock: access type 'cmd' changed from 'cmd:all()' to 'cmd: perm(locks) or perm(Builder)'
26-03-04 23:56:59 [-] LockHandler on @tasks: access type 'cmd' changed from 'cmd:all()' to 'cmd:perm(Developer)'
26-03-04 23:56:59 [-] LockHandler on @lock: access type 'cmd' changed from 'cmd:all()' to 'cmd: perm(locks) or perm(Builder)'
26-03-04 23:56:59 [-] LockHandler on @tunnel: access type 'cmd' changed from 'cmd:all()' to 'cmd: perm(tunnel) or perm(Builder)'
26-03-05 00:14:02 [-] LockHandler on @lock: access type 'cmd' changed from 'cmd:all()' to 'cmd: perm(locks) or perm(Builder)'
26-03-05 00:14:02 [-] LockHandler on @tasks: access type 'cmd' changed from 'cmd:all()' to 'cmd:perm(Developer)'
26-03-05 00:14:02 [-] LockHandler on @tunnel: access type 'cmd' changed from 'cmd:all()' to 'cmd: perm(tunnel) or perm(Builder)'
26-03-05 00:18:57 [-] LockHandler on @tunnel: access type 'cmd' changed from 'cmd:all()' to 'cmd: perm(tunnel) or perm(Builder)'
26-03-05 00:18:57 [-] LockHandler on @tasks: access type 'cmd' changed from 'cmd:all()' to 'cmd:perm(Developer)'
26-03-05 00:18:57 [-] LockHandler on @lock: access type 'cmd' changed from 'cmd:all()' to 'cmd: perm(locks) or perm(Builder)'
26-03-05 00:19:28 [-] LockHandler on Soma: access type 'get' changed from 'get:all()' to 'get:false()' 
LockHandler on Soma: access type 'call' changed from 'call:true()' to 'call:false()' 
LockHandler on Soma: access type 'teleport' changed from 'teleport:true()' to 'teleport:perm(Admin)' 
LockHandler on Soma: access type 'teleport_here' changed from 'teleport_here:true()' to 'teleport_here:perm(Admin)'
26-03-05 00:19:28 [-] LockHandler on Soma: access type 'puppet' changed from 'puppet:pperm(Developer)' to 'puppet:pid(4) or id(Soma) or perm(Developer) or pperm(Developer)' 
LockHandler on Soma: access type 'delete' changed from 'delete:perm(Admin)' to 'delete:pid(4) or perm(Admin)' 
LockHandler on Soma: access type 'edit' changed from 'edit:perm(Admin)' to 'edit:pid(4) or perm(Admin)'
26-03-05 00:19:28 [-] LockHandler on Soma: access type 'puppet' changed from 'puppet:pid(4) or id(Soma) or perm(Developer) or pperm(Developer)' to 'puppet:id(23) or pid(4) or perm(Developer) or pperm(Developer)' 
LockHandler on Soma: access type 'delete' changed from 'delete:pid(4) or perm(Admin)' to 'delete:id(4) or perm(Admin)'
26-03-05 00:33:50 [-] LockHandler on @lock: access type 'cmd' changed from 'cmd:all()' to 'cmd: perm(locks) or perm(Builder)'
26-03-05 00:33:50 [-] LockHandler on @tasks: access type 'cmd' changed from 'cmd:all()' to 'cmd:perm(Developer)'
26-03-05 00:33:50 [-] LockHandler on @tunnel: access type 'cmd' changed from 'cmd:all()' to 'cmd: perm(tunnel) or perm(Builder)'
26-03-05 00:34:35 [-] LockHandler on @lock: access type 'cmd' changed from 'cmd:all()' to 'cmd: perm(locks) or perm(Builder)'
26-03-05 00:34:35 [-] LockHandler on @tasks: access type 'cmd' changed from 'cmd:all()' to 'cmd:perm(Developer)'
26-03-05 00:34:35 [-] LockHandler on @tunnel: access type 'cmd' changed from 'cmd:all()' to 'cmd: perm(tunnel) or perm(Builder)'
26-03-05 00:45:32 [-] LockHandler on @lock: access type 'cmd' changed from 'cmd:all()' to 'cmd: perm(locks) or perm(Builder)'
26-03-05 00:45:32 [-] LockHandler on @tasks: access type 'cmd' changed from 'cmd:all()' to 'cmd:perm(Developer)'
26-03-05 00:45:32 [-] LockHandler on @tunnel: access type 'cmd' changed from 'cmd:all()' to 'cmd: perm(tunnel) or perm(Builder)'
26-03-05 00:46:20 [-] LockHandler on @tasks: access type 'cmd' changed from 'cmd:all()' to 'cmd:perm(Developer)'
26-03-05 00:46:20 [-] LockHandler on @lock: access type 'cmd' changed from 'cmd:all()' to 'cmd: perm(locks) or perm(Builder)'
26-03-05 00:46:20 [-] LockHandler on @tunnel: access type 'cmd' changed from 'cmd:all()' to 'cmd: perm(tunnel) or perm(Builder)'
26-03-05 01:27:24 [-] LockHandler on @tasks: access type 'cmd' changed from 'cmd:all()' to 'cmd:perm(Developer)'
26-03-05 01:27:24 [-] LockHandler on @tunnel: access type 'cmd' changed from 'cmd:all()' to 'cmd: perm(tunnel) or perm(Builder)'
26-03-05 01:27:24 [-] LockHandler on @lock: access type 'cmd' changed from 'cmd:all()' to 'cmd: perm(locks) or perm(Builder)'
26-03-07 00:34:31 [-] LockHandler on @tunnel: access type 'cmd' changed from 'cmd:all()' to 'cmd: perm(tunnel) or perm(Builder)'
26-03-07 00:34:31 [-] LockHandler on @tasks: access type 'cmd' changed from 'cmd:all()' to 'cmd:perm(Developer)'
26-03-07 00:34:31 [-] LockHandler on @lock: access type 'cmd' changed from 'cmd:all()' to 'cmd: perm(locks) or perm(Builder)'
26-03-07 01:06:57 [-] LockHandler on @lock: access type 'cmd' changed from 'cmd:all()' to 'cmd: perm(locks) or perm(Builder)'
26-03-07 01:06:57 [-] LockHandler on @tunnel: access type 'cmd' changed from 'cmd:all()' to 'cmd: perm(tunnel) or perm(Builder)'
26-03-07 01:06:57 [-] LockHandler on @tasks: access type 'cmd' changed from 'cmd:all()' to 'cmd:perm(Developer)'
26-03-07 01:19:23 [-] LockHandler on @tasks: access type 'cmd' changed from 'cmd:all()' to 'cmd:perm(Developer)'
26-03-07 01:19:23 [-] LockHandler on @lock: access type 'cmd' changed from 'cmd:all()' to 'cmd: perm(locks) or perm(Builder)'
26-03-07 01:19:23 [-] LockHandler on @tunnel: access type 'cmd' changed from 'cmd:all()' to 'cmd: perm(tunnel) or perm(Builder)'
26-03-07 01:31:39 [-] LockHandler on @lock: access type 'cmd' changed from 'cmd:all()' to 'cmd: perm(locks) or perm(Builder)'
26-03-07 01:31:39 [-] LockHandler on @tunnel: access type 'cmd' changed from 'cmd:all()' to 'cmd: perm(tunnel) or perm(Builder)'
26-03-07 01:31:39 [-] LockHandler on @tasks: access type 'cmd' changed from 'cmd:all()' to 'cmd:perm(Developer)'
26-03-07 02:21:50 [-] LockHandler on @tasks: access type 'cmd' changed from 'cmd:all()' to 'cmd:perm(Developer)'
26-03-07 02:21:50 [-] LockHandler on @lock: access type 'cmd' changed from 'cmd:all()' to 'cmd: perm(locks) or perm(Builder)'
26-03-07 02:21:50 [-] LockHandler on @tunnel: access type 'cmd' changed from 'cmd:all()' to 'cmd: perm(tunnel) or perm(Builder)'
26-03-07 05:13:49 [-] LockHandler on @lock: access type 'cmd' changed from 'cmd:all()' to 'cmd: perm(locks) or perm(Builder)'
26-03-07 05:13:49 [-] LockHandler on @tunnel: access type 'cmd' changed from 'cmd:all()' to 'cmd: perm(tunnel) or perm(Builder)'
26-03-07 05:13:49 [-] LockHandler on @tasks: access type 'cmd' changed from 'cmd:all()' to 'cmd:perm(Developer)'
26-03-07 06:13:25 [-] LockHandler on @tunnel: access type 'cmd' changed from 'cmd:all()' to 'cmd: perm(tunnel) or perm(Builder)'
26-03-07 06:13:25 [-] LockHandler on @lock: access type 'cmd' changed from 'cmd:all()' to 'cmd: perm(locks) or perm(Builder)'
26-03-07 06:13:25 [-] LockHandler on @tasks: access type 'cmd' changed from 'cmd:all()' to 'cmd:perm(Developer)'
26-03-07 06:41:22 [-] LockHandler on @tunnel: access type 'cmd' changed from 'cmd:all()' to 'cmd: perm(tunnel) or perm(Builder)'
26-03-07 06:41:22 [-] LockHandler on @lock: access type 'cmd' changed from 'cmd:all()' to 'cmd: perm(locks) or perm(Builder)'
26-03-07 06:41:22 [-] LockHandler on @tasks: access type 'cmd' changed from 'cmd:all()' to 'cmd:perm(Developer)'
26-03-07 06:44:40 [-] LockHandler on @tasks: access type 'cmd' changed from 'cmd:all()' to 'cmd:perm(Developer)'
26-03-07 06:44:40 [-] LockHandler on @lock: access type 'cmd' changed from 'cmd:all()' to 'cmd: perm(locks) or perm(Builder)'
26-03-07 06:44:40 [-] LockHandler on @tunnel: access type 'cmd' changed from 'cmd:all()' to 'cmd: perm(tunnel) or perm(Builder)'
26-03-07 06:45:45 [-] LockHandler on @lock: access type 'cmd' changed from 'cmd:all()' to 'cmd: perm(locks) or perm(Builder)'
26-03-07 06:45:45 [-] LockHandler on @tunnel: access type 'cmd' changed from 'cmd:all()' to 'cmd: perm(tunnel) or perm(Builder)'
26-03-07 06:45:45 [-] LockHandler on @tasks: access type 'cmd' changed from 'cmd:all()' to 'cmd:perm(Developer)'
26-03-07 06:59:59 [-] LockHandler on @tasks: access type 'cmd' changed from 'cmd:all()' to 'cmd:perm(Developer)'
26-03-07 06:59:59 [-] LockHandler on @lock: access type 'cmd' changed from 'cmd:all()' to 'cmd: perm(locks) or perm(Builder)'
26-03-07 06:59:59 [-] LockHandler on @tunnel: access type 'cmd' changed from 'cmd:all()' to 'cmd: perm(tunnel) or perm(Builder)'
26-03-07 22:04:09 [-] LockHandler on @tasks: access type 'cmd' changed from 'cmd:all()' to 'cmd:perm(Developer)'
26-03-07 22:04:09 [-] LockHandler on @tunnel: access type 'cmd' changed from 'cmd:all()' to 'cmd: perm(tunnel) or perm(Builder)'
26-03-07 22:04:09 [-] LockHandler on @lock: access type 'cmd' changed from 'cmd:all()' to 'cmd: perm(locks) or perm(Builder)'
26-03-08 04:42:06 [-] LockHandler on The Afterlife: access type 'get' changed from 'get:all()' to 'get:false()' 
LockHandler on The Afterlife: access type 'puppet' changed from 'puppet:pperm(Developer)' to 'puppet:false()' 
LockHandler on The Afterlife: access type 'teleport' changed from 'teleport:true()' to 'teleport:false()' 
LockHandler on The Afterlife: access type 'teleport_here' changed from 'teleport_here:true()' to 'teleport_here:true()'
26-03-08 04:42:06 [-] LockHandler on The Afterlife: access type 'control' changed from 'control:perm(Developer)' to 'control:id(19) or perm(Admin)' 
LockHandler on The Afterlife: access type 'delete' changed from 'delete:perm(Admin)' to 'delete:id(19) or perm(Admin)' 
LockHandler on The Afterlife: access type 'edit' changed from 'edit:perm(Admin)' to 'edit:id(19) or perm(Admin)'
26-03-08 04:42:06 [-] LockHandler on Afterlife: access type 'puppet' changed from 'puppet:pperm(Developer)' to 'puppet:false()' 
LockHandler on Afterlife: access type 'get' changed from 'get:all()' to 'get:false()' 
LockHandler on Afterlife: access type 'teleport' changed from 'teleport:true()' to 'teleport:false()' 
LockHandler on Afterlife: access type 'teleport_here' changed from 'teleport_here:true()' to 'teleport_here:false()'
26-03-08 04:42:06 [-] LockHandler on Afterlife: access type 'control' changed from 'control:perm(Developer)' to 'control:id(19) or perm(Admin)' 
LockHandler on Afterlife: access type 'delete' changed from 'delete:perm(Admin)' to 'delete:id(19) or perm(Admin)' 
LockHandler on Afterlife: access type 'edit' changed from 'edit:perm(Admin)' to 'edit:id(19) or perm(Admin)'
26-03-08 04:42:06 [-] LockHandler on Out the Back: access type 'puppet' changed from 'puppet:pperm(Developer)' to 'puppet:false()' 
LockHandler on Out the Back: access type 'get' changed from 'get:all()' to 'get:false()' 
LockHandler on Out the Back: access type 'teleport' changed from 'teleport:true()' to 'teleport:false()' 
LockHandler on Out the Back: access type 'teleport_here' changed from 'teleport_here:true()' to 'teleport_here:false()'
26-03-08 04:42:06 [-] LockHandler on Out the Back: access type 'control' changed from 'control:perm(Developer)' to 'control:id(19) or perm(Admin)' 
LockHandler on Out the Back: access type 'delete' changed from 'delete:perm(Admin)' to 'delete:id(19) or perm(Admin)' 
LockHandler on Out the Back: access type 'edit' changed from 'edit:perm(Admin)' to 'edit:id(19) or perm(Admin)'
26-03-08 23:41:06 [-] LockHandler on @tunnel: access type 'cmd' changed from 'cmd:all()' to 'cmd: perm(tunnel) or perm(Builder)'
26-03-08 23:41:06 [-] LockHandler on @tasks: access type 'cmd' changed from 'cmd:all()' to 'cmd:perm(Developer)'
26-03-08 23:41:06 [-] LockHandler on @lock: access type 'cmd' changed from 'cmd:all()' to 'cmd: perm(locks) or perm(Builder)'
26-03-09 00:41:35 [-] LockHandler on Faction Storage: access type 'get' changed from 'get:all()' to 'get:false()' 
LockHandler on Faction Storage: access type 'puppet' changed from 'puppet:pperm(Developer)' to 'puppet:false()' 
LockHandler on Faction Storage: access type 'teleport' changed from 'teleport:true()' to 'teleport:false()' 
LockHandler on Faction Storage: access type 'teleport_here' changed from 'teleport_here:true()' to 'teleport_here:true()'
26-03-09 00:41:35 [-] LockHandler on FactionMaster: access type 'control' changed from 'control:perm(Developer)' to 'control:perm(Admin)' 
LockHandler on FactionMaster: access type 'delete' changed from 'delete:perm(Admin)' to 'delete:perm(Admin)' 
LockHandler on FactionMaster: access type 'edit' changed from 'edit:perm(Admin)' to 'edit:perm(Admin)'
26-03-09 00:41:35 [-] LockHandler on Arasaka: access type 'control' changed from 'control:perm(Developer)' to 'control:perm(Admin)' 
LockHandler on Arasaka: access type 'delete' changed from 'delete:perm(Admin)' to 'delete:perm(Admin)' 
LockHandler on Arasaka: access type 'edit' changed from 'edit:perm(Admin)' to 'edit:perm(Admin)'
26-03-09 00:41:35 [-] LockHandler on Militech: access type 'control' changed from 'control:perm(Developer)' to 'control:perm(Admin)' 
LockHandler on Militech: access type 'delete' changed from 'delete:perm(Admin)' to 'delete:perm(Admin)' 
LockHandler on Militech: access type 'edit' changed from 'edit:perm(Admin)' to 'edit:perm(Admin)'
26-03-09 00:41:35 [-] LockHandler on Biotechnica: access type 'control' changed from 'control:perm(Developer)' to 'control:perm(Admin)' 
LockHandler on Biotechnica: access type 'delete' changed from 'delete:perm(Admin)' to 'delete:perm(Admin)' 
LockHandler on Biotechnica: access type 'edit' changed from 'edit:perm(Admin)' to 'edit:perm(Admin)'
26-03-09 00:41:35 [-] LockHandler on Continental Brands: access type 'control' changed from 'control:perm(Developer)' to 'control:perm(Admin)' 
LockHandler on Continental Brands: access type 'delete' changed from 'delete:perm(Admin)' to 'delete:perm(Admin)' 
LockHandler on Continental Brands: access type 'edit' changed from 'edit:perm(Admin)' to 'edit:perm(Admin)'
26-03-09 00:41:35 [-] LockHandler on Danger Gal: access type 'control' changed from 'control:perm(Developer)' to 'control:perm(Admin)' 
LockHandler on Danger Gal: access type 'delete' changed from 'delete:perm(Admin)' to 'delete:perm(Admin)' 
LockHandler on Danger Gal: access type 'edit' changed from 'edit:perm(Admin)' to 'edit:perm(Admin)'
26-03-09 00:41:35 [-] LockHandler on Network 54: access type 'control' changed from 'control:perm(Developer)' to 'control:perm(Admin)' 
LockHandler on Network 54: access type 'delete' changed from 'delete:perm(Admin)' to 'delete:perm(Admin)' 
LockHandler on Network 54: access type 'edit' changed from 'edit:perm(Admin)' to 'edit:perm(Admin)'
26-03-09 00:41:36 [-] LockHandler on Petrochem: access type 'control' changed from 'control:perm(Developer)' to 'control:perm(Admin)' 
LockHandler on Petrochem: access type 'delete' changed from 'delete:perm(Admin)' to 'delete:perm(Admin)' 
LockHandler on Petrochem: access type 'edit' changed from 'edit:perm(Admin)' to 'edit:perm(Admin)'
26-03-09 00:41:36 [-] LockHandler on Rocklin Augmentics: access type 'control' changed from 'control:perm(Developer)' to 'control:perm(Admin)' 
LockHandler on Rocklin Augmentics: access type 'delete' changed from 'delete:perm(Admin)' to 'delete:perm(Admin)' 
LockHandler on Rocklin Augmentics: access type 'edit' changed from 'edit:perm(Admin)' to 'edit:perm(Admin)'
26-03-09 00:41:36 [-] LockHandler on SovOil: access type 'control' changed from 'control:perm(Developer)' to 'control:perm(Admin)' 
LockHandler on SovOil: access type 'delete' changed from 'delete:perm(Admin)' to 'delete:perm(Admin)' 
LockHandler on SovOil: access type 'edit' changed from 'edit:perm(Admin)' to 'edit:perm(Admin)'
26-03-09 00:41:36 [-] LockHandler on Trauma Team: access type 'control' changed from 'control:perm(Developer)' to 'control:perm(Admin)' 
LockHandler on Trauma Team: access type 'delete' changed from 'delete:perm(Admin)' to 'delete:perm(Admin)' 
LockHandler on Trauma Team: access type 'edit' changed from 'edit:perm(Admin)' to 'edit:perm(Admin)'
26-03-09 00:41:36 [-] LockHandler on Ziggurat: access type 'control' changed from 'control:perm(Developer)' to 'control:perm(Admin)' 
LockHandler on Ziggurat: access type 'delete' changed from 'delete:perm(Admin)' to 'delete:perm(Admin)' 
LockHandler on Ziggurat: access type 'edit' changed from 'edit:perm(Admin)' to 'edit:perm(Admin)'
26-03-09 00:41:36 [-] LockHandler on Zhirafa Technical Manufacturing: access type 'control' changed from 'control:perm(Developer)' to 'control:perm(Admin)' 
LockHandler on Zhirafa Technical Manufacturing: access type 'delete' changed from 'delete:perm(Admin)' to 'delete:perm(Admin)' 
LockHandler on Zhirafa Technical Manufacturing: access type 'edit' changed from 'edit:perm(Admin)' to 'edit:perm(Admin)'
26-03-09 00:41:36 [-] LockHandler on Aldecaldos: access type 'control' changed from 'control:perm(Developer)' to 'control:perm(Admin)' 
LockHandler on Aldecaldos: access type 'delete' changed from 'delete:perm(Admin)' to 'delete:perm(Admin)' 
LockHandler on Aldecaldos: access type 'edit' changed from 'edit:perm(Admin)' to 'edit:perm(Admin)'
26-03-09 00:41:36 [-] LockHandler on Snake Nation: access type 'control' changed from 'control:perm(Developer)' to 'control:perm(Admin)' 
LockHandler on Snake Nation: access type 'delete' changed from 'delete:perm(Admin)' to 'delete:perm(Admin)' 
LockHandler on Snake Nation: access type 'edit' changed from 'edit:perm(Admin)' to 'edit:perm(Admin)'
26-03-09 00:41:36 [-] LockHandler on Wraiths: access type 'control' changed from 'control:perm(Developer)' to 'control:perm(Admin)' 
LockHandler on Wraiths: access type 'delete' changed from 'delete:perm(Admin)' to 'delete:perm(Admin)' 
LockHandler on Wraiths: access type 'edit' changed from 'edit:perm(Admin)' to 'edit:perm(Admin)'
26-03-09 00:41:36 [-] LockHandler on Bakkers: access type 'control' changed from 'control:perm(Developer)' to 'control:perm(Admin)' 
LockHandler on Bakkers: access type 'delete' changed from 'delete:perm(Admin)' to 'delete:perm(Admin)' 
LockHandler on Bakkers: access type 'edit' changed from 'edit:perm(Admin)' to 'edit:perm(Admin)'
26-03-09 00:41:36 [-] LockHandler on Jodes: access type 'control' changed from 'control:perm(Developer)' to 'control:perm(Admin)' 
LockHandler on Jodes: access type 'delete' changed from 'delete:perm(Admin)' to 'delete:perm(Admin)' 
LockHandler on Jodes: access type 'edit' changed from 'edit:perm(Admin)' to 'edit:perm(Admin)'
26-03-09 00:41:36 [-] LockHandler on MetaCorp: access type 'control' changed from 'control:perm(Developer)' to 'control:perm(Admin)' 
LockHandler on MetaCorp: access type 'delete' changed from 'delete:perm(Admin)' to 'delete:perm(Admin)' 
LockHandler on MetaCorp: access type 'edit' changed from 'edit:perm(Admin)' to 'edit:perm(Admin)'
26-03-09 00:41:36 [-] LockHandler on 6th Street: access type 'control' changed from 'control:perm(Developer)' to 'control:perm(Admin)' 
LockHandler on 6th Street: access type 'delete' changed from 'delete:perm(Admin)' to 'delete:perm(Admin)' 
LockHandler on 6th Street: access type 'edit' changed from 'edit:perm(Admin)' to 'edit:perm(Admin)'
26-03-09 00:41:36 [-] LockHandler on The Bozos: access type 'control' changed from 'control:perm(Developer)' to 'control:perm(Admin)' 
LockHandler on The Bozos: access type 'delete' changed from 'delete:perm(Admin)' to 'delete:perm(Admin)' 
LockHandler on The Bozos: access type 'edit' changed from 'edit:perm(Admin)' to 'edit:perm(Admin)'
26-03-09 00:41:36 [-] LockHandler on Inquisitors: access type 'control' changed from 'control:perm(Developer)' to 'control:perm(Admin)' 
LockHandler on Inquisitors: access type 'delete' changed from 'delete:perm(Admin)' to 'delete:perm(Admin)' 
LockHandler on Inquisitors: access type 'edit' changed from 'edit:perm(Admin)' to 'edit:perm(Admin)'
26-03-09 00:41:36 [-] LockHandler on Iron Sights: access type 'control' changed from 'control:perm(Developer)' to 'control:perm(Admin)' 
LockHandler on Iron Sights: access type 'delete' changed from 'delete:perm(Admin)' to 'delete:perm(Admin)' 
LockHandler on Iron Sights: access type 'edit' changed from 'edit:perm(Admin)' to 'edit:perm(Admin)'
26-03-09 00:41:36 [-] LockHandler on Maelstrom: access type 'control' changed from 'control:perm(Developer)' to 'control:perm(Admin)' 
LockHandler on Maelstrom: access type 'delete' changed from 'delete:perm(Admin)' to 'delete:perm(Admin)' 
LockHandler on Maelstrom: access type 'edit' changed from 'edit:perm(Admin)' to 'edit:perm(Admin)'
26-03-09 00:41:36 [-] LockHandler on Philharmonic Vampyres: access type 'control' changed from 'control:perm(Developer)' to 'control:perm(Admin)' 
LockHandler on Philharmonic Vampyres: access type 'delete' changed from 'delete:perm(Admin)' to 'delete:perm(Admin)' 
LockHandler on Philharmonic Vampyres: access type 'edit' changed from 'edit:perm(Admin)' to 'edit:perm(Admin)'
26-03-09 00:41:36 [-] LockHandler on Piranhas: access type 'control' changed from 'control:perm(Developer)' to 'control:perm(Admin)' 
LockHandler on Piranhas: access type 'delete' changed from 'delete:perm(Admin)' to 'delete:perm(Admin)' 
LockHandler on Piranhas: access type 'edit' changed from 'edit:perm(Admin)' to 'edit:perm(Admin)'
26-03-09 00:41:36 [-] LockHandler on Prime-Time Players: access type 'control' changed from 'control:perm(Developer)' to 'control:perm(Admin)' 
LockHandler on Prime-Time Players: access type 'delete' changed from 'delete:perm(Admin)' to 'delete:perm(Admin)' 
LockHandler on Prime-Time Players: access type 'edit' changed from 'edit:perm(Admin)' to 'edit:perm(Admin)'
26-03-09 00:41:36 [-] LockHandler on Reckoners: access type 'control' changed from 'control:perm(Developer)' to 'control:perm(Admin)' 
LockHandler on Reckoners: access type 'delete' changed from 'delete:perm(Admin)' to 'delete:perm(Admin)' 
LockHandler on Reckoners: access type 'edit' changed from 'edit:perm(Admin)' to 'edit:perm(Admin)'
26-03-09 00:41:36 [-] LockHandler on Red Chrome Legion: access type 'control' changed from 'control:perm(Developer)' to 'control:perm(Admin)' 
LockHandler on Red Chrome Legion: access type 'delete' changed from 'delete:perm(Admin)' to 'delete:perm(Admin)' 
LockHandler on Red Chrome Legion: access type 'edit' changed from 'edit:perm(Admin)' to 'edit:perm(Admin)'
26-03-09 00:41:36 [-] LockHandler on Scavvers: access type 'control' changed from 'control:perm(Developer)' to 'control:perm(Admin)' 
LockHandler on Scavvers: access type 'delete' changed from 'delete:perm(Admin)' to 'delete:perm(Admin)' 
LockHandler on Scavvers: access type 'edit' changed from 'edit:perm(Admin)' to 'edit:perm(Admin)'
26-03-09 00:41:36 [-] LockHandler on Steel Vaqueros: access type 'control' changed from 'control:perm(Developer)' to 'control:perm(Admin)' 
LockHandler on Steel Vaqueros: access type 'delete' changed from 'delete:perm(Admin)' to 'delete:perm(Admin)' 
LockHandler on Steel Vaqueros: access type 'edit' changed from 'edit:perm(Admin)' to 'edit:perm(Admin)'
26-03-09 00:41:36 [-] LockHandler on Tyger Claws: access type 'control' changed from 'control:perm(Developer)' to 'control:perm(Admin)' 
LockHandler on Tyger Claws: access type 'delete' changed from 'delete:perm(Admin)' to 'delete:perm(Admin)' 
LockHandler on Tyger Claws: access type 'edit' changed from 'edit:perm(Admin)' to 'edit:perm(Admin)'
26-03-09 00:41:36 [-] LockHandler on Voodoo Boys: access type 'control' changed from 'control:perm(Developer)' to 'control:perm(Admin)' 
LockHandler on Voodoo Boys: access type 'delete' changed from 'delete:perm(Admin)' to 'delete:perm(Admin)' 
LockHandler on Voodoo Boys: access type 'edit' changed from 'edit:perm(Admin)' to 'edit:perm(Admin)'
26-03-09 00:41:36 [-] LockHandler on NCPD: access type 'control' changed from 'control:perm(Developer)' to 'control:perm(Admin)' 
LockHandler on NCPD: access type 'delete' changed from 'delete:perm(Admin)' to 'delete:perm(Admin)' 
LockHandler on NCPD: access type 'edit' changed from 'edit:perm(Admin)' to 'edit:perm(Admin)'
26-03-09 00:41:36 [-] LockHandler on Night City Medical Center: access type 'control' changed from 'control:perm(Developer)' to 'control:perm(Admin)' 
LockHandler on Night City Medical Center: access type 'delete' changed from 'delete:perm(Admin)' to 'delete:perm(Admin)' 
LockHandler on Night City Medical Center: access type 'edit' changed from 'edit:perm(Admin)' to 'edit:perm(Admin)'
26-03-09 00:41:36 [-] LockHandler on Cambrian Reclaimers: access type 'control' changed from 'control:perm(Developer)' to 'control:perm(Admin)' 
LockHandler on Cambrian Reclaimers: access type 'delete' changed from 'delete:perm(Admin)' to 'delete:perm(Admin)' 
LockHandler on Cambrian Reclaimers: access type 'edit' changed from 'edit:perm(Admin)' to 'edit:perm(Admin)'
26-03-09 00:41:36 [-] LockHandler on Los Osos Reclaimers: access type 'control' changed from 'control:perm(Developer)' to 'control:perm(Admin)' 
LockHandler on Los Osos Reclaimers: access type 'delete' changed from 'delete:perm(Admin)' to 'delete:perm(Admin)' 
LockHandler on Los Osos Reclaimers: access type 'edit' changed from 'edit:perm(Admin)' to 'edit:perm(Admin)'
26-03-09 00:41:36 [-] LockHandler on Atascadero Reclaimers: access type 'control' changed from 'control:perm(Developer)' to 'control:perm(Admin)' 
LockHandler on Atascadero Reclaimers: access type 'delete' changed from 'delete:perm(Admin)' to 'delete:perm(Admin)' 
LockHandler on Atascadero Reclaimers: access type 'edit' changed from 'edit:perm(Admin)' to 'edit:perm(Admin)'
26-03-09 00:41:36 [-] LockHandler on Constitution Arms: access type 'control' changed from 'control:perm(Developer)' to 'control:perm(Admin)' 
LockHandler on Constitution Arms: access type 'delete' changed from 'delete:perm(Admin)' to 'delete:perm(Admin)' 
LockHandler on Constitution Arms: access type 'edit' changed from 'edit:perm(Admin)' to 'edit:perm(Admin)'
26-03-09 00:41:37 [-] LockHandler on GunMart: access type 'control' changed from 'control:perm(Developer)' to 'control:perm(Admin)' 
LockHandler on GunMart: access type 'delete' changed from 'delete:perm(Admin)' to 'delete:perm(Admin)' 
LockHandler on GunMart: access type 'edit' changed from 'edit:perm(Admin)' to 'edit:perm(Admin)'
26-03-09 00:41:37 [-] LockHandler on Kendachi Arms: access type 'control' changed from 'control:perm(Developer)' to 'control:perm(Admin)' 
LockHandler on Kendachi Arms: access type 'delete' changed from 'delete:perm(Admin)' to 'delete:perm(Admin)' 
LockHandler on Kendachi Arms: access type 'edit' changed from 'edit:perm(Admin)' to 'edit:perm(Admin)'
26-03-09 00:41:37 [-] LockHandler on Kiroshi Optics: access type 'control' changed from 'control:perm(Developer)' to 'control:perm(Admin)' 
LockHandler on Kiroshi Optics: access type 'delete' changed from 'delete:perm(Admin)' to 'delete:perm(Admin)' 
LockHandler on Kiroshi Optics: access type 'edit' changed from 'edit:perm(Admin)' to 'edit:perm(Admin)'
26-03-09 00:41:37 [-] LockHandler on Merrill, Asukaga & Finch: access type 'control' changed from 'control:perm(Developer)' to 'control:perm(Admin)' 
LockHandler on Merrill, Asukaga & Finch: access type 'delete' changed from 'delete:perm(Admin)' to 'delete:perm(Admin)' 
LockHandler on Merrill, Asukaga & Finch: access type 'edit' changed from 'edit:perm(Admin)' to 'edit:perm(Admin)'
26-03-09 00:41:37 [-] LockHandler on Raven Microcybernetics: access type 'control' changed from 'control:perm(Developer)' to 'control:perm(Admin)' 
LockHandler on Raven Microcybernetics: access type 'delete' changed from 'delete:perm(Admin)' to 'delete:perm(Admin)' 
LockHandler on Raven Microcybernetics: access type 'edit' changed from 'edit:perm(Admin)' to 'edit:perm(Admin)'
26-03-09 00:41:37 [-] LockHandler on Tornado Motors: access type 'control' changed from 'control:perm(Developer)' to 'control:perm(Admin)' 
LockHandler on Tornado Motors: access type 'delete' changed from 'delete:perm(Admin)' to 'delete:perm(Admin)' 
LockHandler on Tornado Motors: access type 'edit' changed from 'edit:perm(Admin)' to 'edit:perm(Admin)'
26-03-09 00:41:37 [-] LockHandler on WorldSat CommNet: access type 'control' changed from 'control:perm(Developer)' to 'control:perm(Admin)' 
LockHandler on WorldSat CommNet: access type 'delete' changed from 'delete:perm(Admin)' to 'delete:perm(Admin)' 
LockHandler on WorldSat CommNet: access type 'edit' changed from 'edit:perm(Admin)' to 'edit:perm(Admin)'
26-03-09 00:41:37 [-] LockHandler on Zetatech: access type 'control' changed from 'control:perm(Developer)' to 'control:perm(Admin)' 
LockHandler on Zetatech: access type 'delete' changed from 'delete:perm(Admin)' to 'delete:perm(Admin)' 
LockHandler on Zetatech: access type 'edit' changed from 'edit:perm(Admin)' to 'edit:perm(Admin)'
26-03-09 00:41:37 [-] LockHandler on Japantown Zoners: access type 'control' changed from 'control:perm(Developer)' to 'control:perm(Admin)' 
LockHandler on Japantown Zoners: access type 'delete' changed from 'delete:perm(Admin)' to 'delete:perm(Admin)' 
LockHandler on Japantown Zoners: access type 'edit' changed from 'edit:perm(Admin)' to 'edit:perm(Admin)'
26-03-09 00:41:37 [-] LockHandler on Little China Zoners: access type 'control' changed from 'control:perm(Developer)' to 'control:perm(Admin)' 
LockHandler on Little China Zoners: access type 'delete' changed from 'delete:perm(Admin)' to 'delete:perm(Admin)' 
LockHandler on Little China Zoners: access type 'edit' changed from 'edit:perm(Admin)' to 'edit:perm(Admin)'
26-03-09 00:41:37 [-] LockHandler on The CZ OGs: access type 'control' changed from 'control:perm(Developer)' to 'control:perm(Admin)' 
LockHandler on The CZ OGs: access type 'delete' changed from 'delete:perm(Admin)' to 'delete:perm(Admin)' 
LockHandler on The CZ OGs: access type 'edit' changed from 'edit:perm(Admin)' to 'edit:perm(Admin)'
26-03-09 00:41:37 [-] LockHandler on South NC Zoners: access type 'control' changed from 'control:perm(Developer)' to 'control:perm(Admin)' 
LockHandler on South NC Zoners: access type 'delete' changed from 'delete:perm(Admin)' to 'delete:perm(Admin)' 
LockHandler on South NC Zoners: access type 'edit' changed from 'edit:perm(Admin)' to 'edit:perm(Admin)'
26-03-09 00:41:37 [-] LockHandler on The Holy Angels Church: access type 'control' changed from 'control:perm(Developer)' to 'control:perm(Admin)' 
LockHandler on The Holy Angels Church: access type 'delete' changed from 'delete:perm(Admin)' to 'delete:perm(Admin)' 
LockHandler on The Holy Angels Church: access type 'edit' changed from 'edit:perm(Admin)' to 'edit:perm(Admin)'
26-03-09 00:41:37 [-] LockHandler on The Rubicones: access type 'control' changed from 'control:perm(Developer)' to 'control:perm(Admin)' 
LockHandler on The Rubicones: access type 'delete' changed from 'delete:perm(Admin)' to 'delete:perm(Admin)' 
LockHandler on The Rubicones: access type 'edit' changed from 'edit:perm(Admin)' to 'edit:perm(Admin)'
26-03-09 00:41:37 [-] LockHandler on Xerxes: access type 'control' changed from 'control:perm(Developer)' to 'control:perm(Admin)' 
LockHandler on Xerxes: access type 'delete' changed from 'delete:perm(Admin)' to 'delete:perm(Admin)' 
LockHandler on Xerxes: access type 'edit' changed from 'edit:perm(Admin)' to 'edit:perm(Admin)'
26-03-09 00:41:37 [-] LockHandler on Maz Despair: access type 'control' changed from 'control:perm(Developer)' to 'control:perm(Admin)' 
LockHandler on Maz Despair: access type 'delete' changed from 'delete:perm(Admin)' to 'delete:perm(Admin)' 
LockHandler on Maz Despair: access type 'edit' changed from 'edit:perm(Admin)' to 'edit:perm(Admin)'
26-03-09 00:45:10 [-] LockHandler on @tasks: access type 'cmd' changed from 'cmd:all()' to 'cmd:perm(Developer)'
26-03-09 00:45:10 [-] LockHandler on @tunnel: access type 'cmd' changed from 'cmd:all()' to 'cmd: perm(tunnel) or perm(Builder)'
26-03-09 00:45:10 [-] LockHandler on @lock: access type 'cmd' changed from 'cmd:all()' to 'cmd: perm(locks) or perm(Builder)'
26-03-09 00:45:51 [-] LockHandler on @tasks: access type 'cmd' changed from 'cmd:all()' to 'cmd:perm(Developer)'
26-03-09 00:45:51 [-] LockHandler on @lock: access type 'cmd' changed from 'cmd:all()' to 'cmd: perm(locks) or perm(Builder)'
26-03-09 00:45:51 [-] LockHandler on @tunnel: access type 'cmd' changed from 'cmd:all()' to 'cmd: perm(tunnel) or perm(Builder)'
26-03-09 00:59:59 [-] LockHandler on Channel 'Arasaka' (None): access type 'control' changed from 'control:perm(Admin)' to 'control:perm(Admin)' 
LockHandler on Channel 'Arasaka' (None): access type 'listen' changed from 'listen:all()' to 'listen:all()' 
LockHandler on Channel 'Arasaka' (None): access type 'send' changed from 'send:all()' to 'send:all()'
26-03-09 00:59:59 [-] LockHandler on Channel 'Militech' (None): access type 'control' changed from 'control:perm(Admin)' to 'control:perm(Admin)' 
LockHandler on Channel 'Militech' (None): access type 'listen' changed from 'listen:all()' to 'listen:all()' 
LockHandler on Channel 'Militech' (None): access type 'send' changed from 'send:all()' to 'send:all()'
26-03-09 00:59:59 [-] LockHandler on Channel 'Biotechnica' (None): access type 'control' changed from 'control:perm(Admin)' to 'control:perm(Admin)' 
LockHandler on Channel 'Biotechnica' (None): access type 'listen' changed from 'listen:all()' to 'listen:all()' 
LockHandler on Channel 'Biotechnica' (None): access type 'send' changed from 'send:all()' to 'send:all()'
26-03-09 00:59:59 [-] LockHandler on Channel 'Continental Brands' (None): access type 'control' changed from 'control:perm(Admin)' to 'control:perm(Admin)' 
LockHandler on Channel 'Continental Brands' (None): access type 'listen' changed from 'listen:all()' to 'listen:all()' 
LockHandler on Channel 'Continental Brands' (None): access type 'send' changed from 'send:all()' to 'send:all()'
26-03-09 00:59:59 [-] LockHandler on Channel 'Danger Gal' (None): access type 'control' changed from 'control:perm(Admin)' to 'control:perm(Admin)' 
LockHandler on Channel 'Danger Gal' (None): access type 'listen' changed from 'listen:all()' to 'listen:all()' 
LockHandler on Channel 'Danger Gal' (None): access type 'send' changed from 'send:all()' to 'send:all()'
26-03-09 00:59:59 [-] LockHandler on Channel 'Network 54' (None): access type 'control' changed from 'control:perm(Admin)' to 'control:perm(Admin)' 
LockHandler on Channel 'Network 54' (None): access type 'listen' changed from 'listen:all()' to 'listen:all()' 
LockHandler on Channel 'Network 54' (None): access type 'send' changed from 'send:all()' to 'send:all()'
26-03-09 00:59:59 [-] LockHandler on Channel 'Petrochem' (None): access type 'control' changed from 'control:perm(Admin)' to 'control:perm(Admin)' 
LockHandler on Channel 'Petrochem' (None): access type 'listen' changed from 'listen:all()' to 'listen:all()' 
LockHandler on Channel 'Petrochem' (None): access type 'send' changed from 'send:all()' to 'send:all()'
26-03-09 00:59:59 [-] LockHandler on Channel 'Rocklin Augmentics' (None): access type 'control' changed from 'control:perm(Admin)' to 'control:perm(Admin)' 
LockHandler on Channel 'Rocklin Augmentics' (None): access type 'listen' changed from 'listen:all()' to 'listen:all()' 
LockHandler on Channel 'Rocklin Augmentics' (None): access type 'send' changed from 'send:all()' to 'send:all()'
26-03-09 00:59:59 [-] LockHandler on Channel 'SovOil' (None): access type 'control' changed from 'control:perm(Admin)' to 'control:perm(Admin)' 
LockHandler on Channel 'SovOil' (None): access type 'listen' changed from 'listen:all()' to 'listen:all()' 
LockHandler on Channel 'SovOil' (None): access type 'send' changed from 'send:all()' to 'send:all()'
26-03-09 00:59:59 [-] LockHandler on Channel 'Trauma Team' (None): access type 'control' changed from 'control:perm(Admin)' to 'control:perm(Admin)' 
LockHandler on Channel 'Trauma Team' (None): access type 'listen' changed from 'listen:all()' to 'listen:all()' 
LockHandler on Channel 'Trauma Team' (None): access type 'send' changed from 'send:all()' to 'send:all()'
26-03-09 00:59:59 [-] LockHandler on Channel 'Ziggurat' (None): access type 'control' changed from 'control:perm(Admin)' to 'control:perm(Admin)' 
LockHandler on Channel 'Ziggurat' (None): access type 'listen' changed from 'listen:all()' to 'listen:all()' 
LockHandler on Channel 'Ziggurat' (None): access type 'send' changed from 'send:all()' to 'send:all()'
26-03-09 01:00:00 [-] LockHandler on Channel 'Zhirafa Technical Manufacturing' (None): access type 'control' changed from 'control:perm(Admin)' to 'control:perm(Admin)' 
LockHandler on Channel 'Zhirafa Technical Manufacturing' (None): access type 'listen' changed from 'listen:all()' to 'listen:all()' 
LockHandler on Channel 'Zhirafa Technical Manufacturing' (None): access type 'send' changed from 'send:all()' to 'send:all()'
26-03-09 01:00:00 [-] LockHandler on Channel 'Aldecaldos' (None): access type 'control' changed from 'control:perm(Admin)' to 'control:perm(Admin)' 
LockHandler on Channel 'Aldecaldos' (None): access type 'listen' changed from 'listen:all()' to 'listen:all()' 
LockHandler on Channel 'Aldecaldos' (None): access type 'send' changed from 'send:all()' to 'send:all()'
26-03-09 01:00:00 [-] LockHandler on Channel 'Snake Nation' (None): access type 'control' changed from 'control:perm(Admin)' to 'control:perm(Admin)' 
LockHandler on Channel 'Snake Nation' (None): access type 'listen' changed from 'listen:all()' to 'listen:all()' 
LockHandler on Channel 'Snake Nation' (None): access type 'send' changed from 'send:all()' to 'send:all()'
26-03-09 01:00:00 [-] LockHandler on Channel 'Wraiths' (None): access type 'control' changed from 'control:perm(Admin)' to 'control:perm(Admin)' 
LockHandler on Channel 'Wraiths' (None): access type 'listen' changed from 'listen:all()' to 'listen:all()' 
LockHandler on Channel 'Wraiths' (None): access type 'send' changed from 'send:all()' to 'send:all()'
26-03-09 01:00:00 [-] LockHandler on Channel 'Bakkers' (None): access type 'control' changed from 'control:perm(Admin)' to 'control:perm(Admin)' 
LockHandler on Channel 'Bakkers' (None): access type 'listen' changed from 'listen:all()' to 'listen:all()' 
LockHandler on Channel 'Bakkers' (None): access type 'send' changed from 'send:all()' to 'send:all()'
26-03-09 01:00:00 [-] LockHandler on Channel 'Jodes' (None): access type 'control' changed from 'control:perm(Admin)' to 'control:perm(Admin)' 
LockHandler on Channel 'Jodes' (None): access type 'listen' changed from 'listen:all()' to 'listen:all()' 
LockHandler on Channel 'Jodes' (None): access type 'send' changed from 'send:all()' to 'send:all()'
26-03-09 01:00:00 [-] LockHandler on Channel 'MetaCorp' (None): access type 'control' changed from 'control:perm(Admin)' to 'control:perm(Admin)' 
LockHandler on Channel 'MetaCorp' (None): access type 'listen' changed from 'listen:all()' to 'listen:all()' 
LockHandler on Channel 'MetaCorp' (None): access type 'send' changed from 'send:all()' to 'send:all()'
26-03-09 01:00:00 [-] LockHandler on Channel '6th Street' (None): access type 'control' changed from 'control:perm(Admin)' to 'control:perm(Admin)' 
LockHandler on Channel '6th Street' (None): access type 'listen' changed from 'listen:all()' to 'listen:all()' 
LockHandler on Channel '6th Street' (None): access type 'send' changed from 'send:all()' to 'send:all()'
26-03-09 01:00:00 [-] LockHandler on Channel 'Bozos' (None): access type 'control' changed from 'control:perm(Admin)' to 'control:perm(Admin)' 
LockHandler on Channel 'Bozos' (None): access type 'listen' changed from 'listen:all()' to 'listen:all()' 
LockHandler on Channel 'Bozos' (None): access type 'send' changed from 'send:all()' to 'send:all()'
26-03-09 01:00:00 [-] LockHandler on Channel 'Inquisitors' (None): access type 'control' changed from 'control:perm(Admin)' to 'control:perm(Admin)' 
LockHandler on Channel 'Inquisitors' (None): access type 'listen' changed from 'listen:all()' to 'listen:all()' 
LockHandler on Channel 'Inquisitors' (None): access type 'send' changed from 'send:all()' to 'send:all()'
26-03-09 01:00:00 [-] LockHandler on Channel 'Iron Sights' (None): access type 'control' changed from 'control:perm(Admin)' to 'control:perm(Admin)' 
LockHandler on Channel 'Iron Sights' (None): access type 'listen' changed from 'listen:all()' to 'listen:all()' 
LockHandler on Channel 'Iron Sights' (None): access type 'send' changed from 'send:all()' to 'send:all()'
26-03-09 01:00:00 [-] LockHandler on Channel 'Maelstrom' (None): access type 'control' changed from 'control:perm(Admin)' to 'control:perm(Admin)' 
LockHandler on Channel 'Maelstrom' (None): access type 'listen' changed from 'listen:all()' to 'listen:all()' 
LockHandler on Channel 'Maelstrom' (None): access type 'send' changed from 'send:all()' to 'send:all()'
26-03-09 01:00:00 [-] LockHandler on Channel 'Philharmonic Vampyres' (None): access type 'control' changed from 'control:perm(Admin)' to 'control:perm(Admin)' 
LockHandler on Channel 'Philharmonic Vampyres' (None): access type 'listen' changed from 'listen:all()' to 'listen:all()' 
LockHandler on Channel 'Philharmonic Vampyres' (None): access type 'send' changed from 'send:all()' to 'send:all()'
26-03-09 01:00:00 [-] LockHandler on Channel 'Piranhas' (None): access type 'control' changed from 'control:perm(Admin)' to 'control:perm(Admin)' 
LockHandler on Channel 'Piranhas' (None): access type 'listen' changed from 'listen:all()' to 'listen:all()' 
LockHandler on Channel 'Piranhas' (None): access type 'send' changed from 'send:all()' to 'send:all()'
26-03-09 01:00:00 [-] LockHandler on Channel 'Prime-Time Players' (None): access type 'control' changed from 'control:perm(Admin)' to 'control:perm(Admin)' 
LockHandler on Channel 'Prime-Time Players' (None): access type 'listen' changed from 'listen:all()' to 'listen:all()' 
LockHandler on Channel 'Prime-Time Players' (None): access type 'send' changed from 'send:all()' to 'send:all()'
26-03-09 01:00:00 [-] LockHandler on Channel 'Reckoners' (None): access type 'control' changed from 'control:perm(Admin)' to 'control:perm(Admin)' 
LockHandler on Channel 'Reckoners' (None): access type 'listen' changed from 'listen:all()' to 'listen:all()' 
LockHandler on Channel 'Reckoners' (None): access type 'send' changed from 'send:all()' to 'send:all()'
26-03-09 01:00:00 [-] LockHandler on Channel 'Red Chrome Legion' (None): access type 'control' changed from 'control:perm(Admin)' to 'control:perm(Admin)' 
LockHandler on Channel 'Red Chrome Legion' (None): access type 'listen' changed from 'listen:all()' to 'listen:all()' 
LockHandler on Channel 'Red Chrome Legion' (None): access type 'send' changed from 'send:all()' to 'send:all()'
26-03-09 01:00:00 [-] LockHandler on Channel 'Scavvers' (None): access type 'control' changed from 'control:perm(Admin)' to 'control:perm(Admin)' 
LockHandler on Channel 'Scavvers' (None): access type 'listen' changed from 'listen:all()' to 'listen:all()' 
LockHandler on Channel 'Scavvers' (None): access type 'send' changed from 'send:all()' to 'send:all()'
26-03-09 01:00:00 [-] LockHandler on Channel 'Steel Vaqueros' (None): access type 'control' changed from 'control:perm(Admin)' to 'control:perm(Admin)' 
LockHandler on Channel 'Steel Vaqueros' (None): access type 'listen' changed from 'listen:all()' to 'listen:all()' 
LockHandler on Channel 'Steel Vaqueros' (None): access type 'send' changed from 'send:all()' to 'send:all()'
26-03-09 01:00:00 [-] LockHandler on Channel 'Tyger Claws' (None): access type 'control' changed from 'control:perm(Admin)' to 'control:perm(Admin)' 
LockHandler on Channel 'Tyger Claws' (None): access type 'listen' changed from 'listen:all()' to 'listen:all()' 
LockHandler on Channel 'Tyger Claws' (None): access type 'send' changed from 'send:all()' to 'send:all()'
26-03-09 01:00:00 [-] LockHandler on Channel 'Voodoo Boys' (None): access type 'control' changed from 'control:perm(Admin)' to 'control:perm(Admin)' 
LockHandler on Channel 'Voodoo Boys' (None): access type 'listen' changed from 'listen:all()' to 'listen:all()' 
LockHandler on Channel 'Voodoo Boys' (None): access type 'send' changed from 'send:all()' to 'send:all()'
26-03-09 01:00:01 [-] LockHandler on Channel 'NCPD' (None): access type 'control' changed from 'control:perm(Admin)' to 'control:perm(Admin)' 
LockHandler on Channel 'NCPD' (None): access type 'listen' changed from 'listen:all()' to 'listen:all()' 
LockHandler on Channel 'NCPD' (None): access type 'send' changed from 'send:all()' to 'send:all()'
26-03-09 01:00:01 [-] LockHandler on Channel 'Night City Medical Center' (None): access type 'control' changed from 'control:perm(Admin)' to 'control:perm(Admin)' 
LockHandler on Channel 'Night City Medical Center' (None): access type 'listen' changed from 'listen:all()' to 'listen:all()' 
LockHandler on Channel 'Night City Medical Center' (None): access type 'send' changed from 'send:all()' to 'send:all()'
26-03-09 01:00:01 [-] LockHandler on Channel 'Cambrian Reclaimers' (None): access type 'control' changed from 'control:perm(Admin)' to 'control:perm(Admin)' 
LockHandler on Channel 'Cambrian Reclaimers' (None): access type 'listen' changed from 'listen:all()' to 'listen:all()' 
LockHandler on Channel 'Cambrian Reclaimers' (None): access type 'send' changed from 'send:all()' to 'send:all()'
26-03-09 01:00:01 [-] LockHandler on Channel 'Los Osos Reclaimers' (None): access type 'control' changed from 'control:perm(Admin)' to 'control:perm(Admin)' 
LockHandler on Channel 'Los Osos Reclaimers' (None): access type 'listen' changed from 'listen:all()' to 'listen:all()' 
LockHandler on Channel 'Los Osos Reclaimers' (None): access type 'send' changed from 'send:all()' to 'send:all()'
26-03-09 01:00:01 [-] LockHandler on Channel 'Atascadero Reclaimers' (None): access type 'control' changed from 'control:perm(Admin)' to 'control:perm(Admin)' 
LockHandler on Channel 'Atascadero Reclaimers' (None): access type 'listen' changed from 'listen:all()' to 'listen:all()' 
LockHandler on Channel 'Atascadero Reclaimers' (None): access type 'send' changed from 'send:all()' to 'send:all()'
26-03-09 01:00:01 [-] LockHandler on Channel 'Constitution Arms' (None): access type 'control' changed from 'control:perm(Admin)' to 'control:perm(Admin)' 
LockHandler on Channel 'Constitution Arms' (None): access type 'listen' changed from 'listen:all()' to 'listen:all()' 
LockHandler on Channel 'Constitution Arms' (None): access type 'send' changed from 'send:all()' to 'send:all()'
26-03-09 01:00:01 [-] LockHandler on Channel 'GunMart' (None): access type 'control' changed from 'control:perm(Admin)' to 'control:perm(Admin)' 
LockHandler on Channel 'GunMart' (None): access type 'listen' changed from 'listen:all()' to 'listen:all()' 
LockHandler on Channel 'GunMart' (None): access type 'send' changed from 'send:all()' to 'send:all()'
26-03-09 01:00:01 [-] LockHandler on Channel 'Kendachi Arms' (None): access type 'control' changed from 'control:perm(Admin)' to 'control:perm(Admin)' 
LockHandler on Channel 'Kendachi Arms' (None): access type 'listen' changed from 'listen:all()' to 'listen:all()' 
LockHandler on Channel 'Kendachi Arms' (None): access type 'send' changed from 'send:all()' to 'send:all()'
26-03-09 01:00:01 [-] LockHandler on Channel 'Kiroshi Optics' (None): access type 'control' changed from 'control:perm(Admin)' to 'control:perm(Admin)' 
LockHandler on Channel 'Kiroshi Optics' (None): access type 'listen' changed from 'listen:all()' to 'listen:all()' 
LockHandler on Channel 'Kiroshi Optics' (None): access type 'send' changed from 'send:all()' to 'send:all()'
26-03-09 01:00:01 [-] LockHandler on Channel 'Merrill, Asukaga & Finch' (None): access type 'control' changed from 'control:perm(Admin)' to 'control:perm(Admin)' 
LockHandler on Channel 'Merrill, Asukaga & Finch' (None): access type 'listen' changed from 'listen:all()' to 'listen:all()' 
LockHandler on Channel 'Merrill, Asukaga & Finch' (None): access type 'send' changed from 'send:all()' to 'send:all()'
26-03-09 01:00:01 [-] LockHandler on Channel 'Raven Microcybernetics' (None): access type 'control' changed from 'control:perm(Admin)' to 'control:perm(Admin)' 
LockHandler on Channel 'Raven Microcybernetics' (None): access type 'listen' changed from 'listen:all()' to 'listen:all()' 
LockHandler on Channel 'Raven Microcybernetics' (None): access type 'send' changed from 'send:all()' to 'send:all()'
26-03-09 01:00:01 [-] LockHandler on Channel 'Tornado Motors' (None): access type 'control' changed from 'control:perm(Admin)' to 'control:perm(Admin)' 
LockHandler on Channel 'Tornado Motors' (None): access type 'listen' changed from 'listen:all()' to 'listen:all()' 
LockHandler on Channel 'Tornado Motors' (None): access type 'send' changed from 'send:all()' to 'send:all()'
26-03-09 01:00:01 [-] LockHandler on Channel 'WorldSat CommNet' (None): access type 'control' changed from 'control:perm(Admin)' to 'control:perm(Admin)' 
LockHandler on Channel 'WorldSat CommNet' (None): access type 'listen' changed from 'listen:all()' to 'listen:all()' 
LockHandler on Channel 'WorldSat CommNet' (None): access type 'send' changed from 'send:all()' to 'send:all()'
26-03-09 01:00:01 [-] LockHandler on Channel 'Zetatech' (None): access type 'control' changed from 'control:perm(Admin)' to 'control:perm(Admin)' 
LockHandler on Channel 'Zetatech' (None): access type 'listen' changed from 'listen:all()' to 'listen:all()' 
LockHandler on Channel 'Zetatech' (None): access type 'send' changed from 'send:all()' to 'send:all()'
26-03-09 01:00:01 [-] LockHandler on Channel 'Japantown Zoners' (None): access type 'control' changed from 'control:perm(Admin)' to 'control:perm(Admin)' 
LockHandler on Channel 'Japantown Zoners' (None): access type 'listen' changed from 'listen:all()' to 'listen:all()' 
LockHandler on Channel 'Japantown Zoners' (None): access type 'send' changed from 'send:all()' to 'send:all()'
26-03-09 01:00:01 [-] LockHandler on Channel 'Little China Zoners' (None): access type 'control' changed from 'control:perm(Admin)' to 'control:perm(Admin)' 
LockHandler on Channel 'Little China Zoners' (None): access type 'listen' changed from 'listen:all()' to 'listen:all()' 
LockHandler on Channel 'Little China Zoners' (None): access type 'send' changed from 'send:all()' to 'send:all()'
26-03-09 01:00:01 [-] LockHandler on Channel 'CZ OGs' (None): access type 'control' changed from 'control:perm(Admin)' to 'control:perm(Admin)' 
LockHandler on Channel 'CZ OGs' (None): access type 'listen' changed from 'listen:all()' to 'listen:all()' 
LockHandler on Channel 'CZ OGs' (None): access type 'send' changed from 'send:all()' to 'send:all()'
26-03-09 01:00:01 [-] LockHandler on Channel 'South NC Zoners' (None): access type 'control' changed from 'control:perm(Admin)' to 'control:perm(Admin)' 
LockHandler on Channel 'South NC Zoners' (None): access type 'listen' changed from 'listen:all()' to 'listen:all()' 
LockHandler on Channel 'South NC Zoners' (None): access type 'send' changed from 'send:all()' to 'send:all()'
26-03-09 01:00:01 [-] LockHandler on Channel 'Holy Angels Church' (None): access type 'control' changed from 'control:perm(Admin)' to 'control:perm(Admin)' 
LockHandler on Channel 'Holy Angels Church' (None): access type 'listen' changed from 'listen:all()' to 'listen:all()' 
LockHandler on Channel 'Holy Angels Church' (None): access type 'send' changed from 'send:all()' to 'send:all()'
26-03-09 01:00:01 [-] LockHandler on Channel 'Rubicones' (None): access type 'control' changed from 'control:perm(Admin)' to 'control:perm(Admin)' 
LockHandler on Channel 'Rubicones' (None): access type 'listen' changed from 'listen:all()' to 'listen:all()' 
LockHandler on Channel 'Rubicones' (None): access type 'send' changed from 'send:all()' to 'send:all()'
26-03-09 01:00:01 [-] LockHandler on Channel 'Xerxes' (None): access type 'control' changed from 'control:perm(Admin)' to 'control:perm(Admin)' 
LockHandler on Channel 'Xerxes' (None): access type 'listen' changed from 'listen:all()' to 'listen:all()' 
LockHandler on Channel 'Xerxes' (None): access type 'send' changed from 'send:all()' to 'send:all()'
26-03-09 01:00:02 [-] LockHandler on Channel 'Maz Despair' (None): access type 'control' changed from 'control:perm(Admin)' to 'control:perm(Admin)' 
LockHandler on Channel 'Maz Despair' (None): access type 'listen' changed from 'listen:all()' to 'listen:all()' 
LockHandler on Channel 'Maz Despair' (None): access type 'send' changed from 'send:all()' to 'send:all()'
26-03-09 01:10:03 [-] LockHandler on @tunnel: access type 'cmd' changed from 'cmd:all()' to 'cmd: perm(tunnel) or perm(Builder)'
26-03-09 01:10:03 [-] LockHandler on @lock: access type 'cmd' changed from 'cmd:all()' to 'cmd: perm(locks) or perm(Builder)'
26-03-09 01:10:03 [-] LockHandler on @tasks: access type 'cmd' changed from 'cmd:all()' to 'cmd:perm(Developer)'
26-03-09 01:10:06 [-] LockHandler on @tunnel: access type 'cmd' changed from 'cmd:all()' to 'cmd: perm(tunnel) or perm(Builder)'
26-03-09 01:10:06 [-] LockHandler on @lock: access type 'cmd' changed from 'cmd:all()' to 'cmd: perm(locks) or perm(Builder)'
26-03-09 01:10:06 [-] LockHandler on @tasks: access type 'cmd' changed from 'cmd:all()' to 'cmd:perm(Developer)'
26-03-09 22:27:14 [-] LockHandler on @tunnel: access type 'cmd' changed from 'cmd:all()' to 'cmd: perm(tunnel) or perm(Builder)'
26-03-09 22:27:14 [-] LockHandler on @tasks: access type 'cmd' changed from 'cmd:all()' to 'cmd:perm(Developer)'
26-03-09 22:27:14 [-] LockHandler on @lock: access type 'cmd' changed from 'cmd:all()' to 'cmd: perm(locks) or perm(Builder)'
26-03-09 22:46:28 [-] LockHandler on @tunnel: access type 'cmd' changed from 'cmd:all()' to 'cmd: perm(tunnel) or perm(Builder)'
26-03-09 22:46:28 [-] LockHandler on @tasks: access type 'cmd' changed from 'cmd:all()' to 'cmd:perm(Developer)'
26-03-09 22:46:28 [-] LockHandler on @lock: access type 'cmd' changed from 'cmd:all()' to 'cmd: perm(locks) or perm(Builder)'
26-03-10 06:06:27 [-] LockHandler on @tasks: access type 'cmd' changed from 'cmd:all()' to 'cmd:perm(Developer)'
26-03-10 06:06:27 [-] LockHandler on @lock: access type 'cmd' changed from 'cmd:all()' to 'cmd: perm(locks) or perm(Builder)'
26-03-10 06:06:27 [-] LockHandler on @tunnel: access type 'cmd' changed from 'cmd:all()' to 'cmd: perm(tunnel) or perm(Builder)'
26-03-10 14:01:51 [-] LockHandler on @tasks: access type 'cmd' changed from 'cmd:all()' to 'cmd:perm(Developer)'
26-03-10 14:01:51 [-] LockHandler on @tunnel: access type 'cmd' changed from 'cmd:all()' to 'cmd: perm(tunnel) or perm(Builder)'
26-03-10 14:01:51 [-] LockHandler on @lock: access type 'cmd' changed from 'cmd:all()' to 'cmd: perm(locks) or perm(Builder)'
26-03-10 16:08:53 [-] LockHandler on Little China: access type 'get' changed from 'get:all()' to 'get:false()' 
LockHandler on Little China: access type 'puppet' changed from 'puppet:pperm(Developer)' to 'puppet:false()' 
LockHandler on Little China: access type 'teleport' changed from 'teleport:true()' to 'teleport:false()' 
LockHandler on Little China: access type 'teleport_here' changed from 'teleport_here:true()' to 'teleport_here:true()'
26-03-10 16:08:53 [-] LockHandler on Little China: access type 'control' changed from 'control:perm(Developer)' to 'control:id(19) or perm(Admin)' 
LockHandler on Little China: access type 'delete' changed from 'delete:perm(Admin)' to 'delete:id(19) or perm(Admin)' 
LockHandler on Little China: access type 'edit' changed from 'edit:perm(Admin)' to 'edit:id(19) or perm(Admin)'
26-03-10 16:08:53 [-] LockHandler on Little China: access type 'puppet' changed from 'puppet:pperm(Developer)' to 'puppet:false()' 
LockHandler on Little China: access type 'get' changed from 'get:all()' to 'get:false()' 
LockHandler on Little China: access type 'teleport' changed from 'teleport:true()' to 'teleport:false()' 
LockHandler on Little China: access type 'teleport_here' changed from 'teleport_here:true()' to 'teleport_here:false()'
26-03-10 16:08:53 [-] LockHandler on Little China: access type 'control' changed from 'control:perm(Developer)' to 'control:id(19) or perm(Admin)' 
LockHandler on Little China: access type 'delete' changed from 'delete:perm(Admin)' to 'delete:id(19) or perm(Admin)' 
LockHandler on Little China: access type 'edit' changed from 'edit:perm(Admin)' to 'edit:id(19) or perm(Admin)'
26-03-10 16:08:53 [-] LockHandler on The Afterlife: access type 'puppet' changed from 'puppet:pperm(Developer)' to 'puppet:false()' 
LockHandler on The Afterlife: access type 'get' changed from 'get:all()' to 'get:false()' 
LockHandler on The Afterlife: access type 'teleport' changed from 'teleport:true()' to 'teleport:false()' 
LockHandler on The Afterlife: access type 'teleport_here' changed from 'teleport_here:true()' to 'teleport_here:false()'
26-03-10 16:08:53 [-] LockHandler on The Afterlife: access type 'control' changed from 'control:perm(Developer)' to 'control:id(19) or perm(Admin)' 
LockHandler on The Afterlife: access type 'delete' changed from 'delete:perm(Admin)' to 'delete:id(19) or perm(Admin)' 
LockHandler on The Afterlife: access type 'edit' changed from 'edit:perm(Admin)' to 'edit:id(19) or perm(Admin)'
26-03-10 16:29:27 [-] LockHandler on @lock: access type 'cmd' changed from 'cmd:all()' to 'cmd: perm(locks) or perm(Builder)'
26-03-10 16:29:27 [-] LockHandler on @tasks: access type 'cmd' changed from 'cmd:all()' to 'cmd:perm(Developer)'
26-03-10 16:29:27 [-] LockHandler on @tunnel: access type 'cmd' changed from 'cmd:all()' to 'cmd: perm(tunnel) or perm(Builder)'
26-03-11 02:55:22 [-] LockHandler on @lock: access type 'cmd' changed from 'cmd:all()' to 'cmd: perm(locks) or perm(Builder)'
26-03-11 02:55:22 [-] LockHandler on @tasks: access type 'cmd' changed from 'cmd:all()' to 'cmd:perm(Developer)'
26-03-11 02:55:22 [-] LockHandler on @tunnel: access type 'cmd' changed from 'cmd:all()' to 'cmd: perm(tunnel) or perm(Builder)'
26-03-11 18:43:53 [-] LockHandler on Kabuki: access type 'get' changed from 'get:all()' to 'get:false()' 
LockHandler on Kabuki: access type 'puppet' changed from 'puppet:pperm(Developer)' to 'puppet:false()' 
LockHandler on Kabuki: access type 'teleport' changed from 'teleport:true()' to 'teleport:false()' 
LockHandler on Kabuki: access type 'teleport_here' changed from 'teleport_here:true()' to 'teleport_here:true()'
26-03-11 18:43:53 [-] LockHandler on Kabuki: access type 'control' changed from 'control:perm(Developer)' to 'control:id(19) or perm(Admin)' 
LockHandler on Kabuki: access type 'delete' changed from 'delete:perm(Admin)' to 'delete:id(19) or perm(Admin)' 
LockHandler on Kabuki: access type 'edit' changed from 'edit:perm(Admin)' to 'edit:id(19) or perm(Admin)'
26-03-11 18:43:53 [-] LockHandler on East: access type 'puppet' changed from 'puppet:pperm(Developer)' to 'puppet:false()' 
LockHandler on East: access type 'get' changed from 'get:all()' to 'get:false()' 
LockHandler on East: access type 'teleport' changed from 'teleport:true()' to 'teleport:false()' 
LockHandler on East: access type 'teleport_here' changed from 'teleport_here:true()' to 'teleport_here:false()'
26-03-11 18:43:53 [-] LockHandler on East: access type 'control' changed from 'control:perm(Developer)' to 'control:id(19) or perm(Admin)' 
LockHandler on East: access type 'delete' changed from 'delete:perm(Admin)' to 'delete:id(19) or perm(Admin)' 
LockHandler on East: access type 'edit' changed from 'edit:perm(Admin)' to 'edit:id(19) or perm(Admin)'
26-03-11 18:43:53 [-] LockHandler on Ellison Plaza: access type 'puppet' changed from 'puppet:pperm(Developer)' to 'puppet:false()' 
LockHandler on Ellison Plaza: access type 'get' changed from 'get:all()' to 'get:false()' 
LockHandler on Ellison Plaza: access type 'teleport' changed from 'teleport:true()' to 'teleport:false()' 
LockHandler on Ellison Plaza: access type 'teleport_here' changed from 'teleport_here:true()' to 'teleport_here:false()'
26-03-11 18:43:53 [-] LockHandler on Ellison Plaza: access type 'control' changed from 'control:perm(Developer)' to 'control:id(19) or perm(Admin)' 
LockHandler on Ellison Plaza: access type 'delete' changed from 'delete:perm(Admin)' to 'delete:id(19) or perm(Admin)' 
LockHandler on Ellison Plaza: access type 'edit' changed from 'edit:perm(Admin)' to 'edit:id(19) or perm(Admin)'
26-03-11 18:53:53 [-] LockHandler on Watson: access type 'get' changed from 'get:all()' to 'get:false()' 
LockHandler on Watson: access type 'puppet' changed from 'puppet:pperm(Developer)' to 'puppet:false()' 
LockHandler on Watson: access type 'teleport' changed from 'teleport:true()' to 'teleport:false()' 
LockHandler on Watson: access type 'teleport_here' changed from 'teleport_here:true()' to 'teleport_here:true()'
26-03-11 18:53:53 [-] LockHandler on Watson: access type 'control' changed from 'control:perm(Developer)' to 'control:id(19) or perm(Admin)' 
LockHandler on Watson: access type 'delete' changed from 'delete:perm(Admin)' to 'delete:id(19) or perm(Admin)' 
LockHandler on Watson: access type 'edit' changed from 'edit:perm(Admin)' to 'edit:id(19) or perm(Admin)'
26-03-11 18:53:53 [-] LockHandler on Watson: access type 'puppet' changed from 'puppet:pperm(Developer)' to 'puppet:false()' 
LockHandler on Watson: access type 'get' changed from 'get:all()' to 'get:false()' 
LockHandler on Watson: access type 'teleport' changed from 'teleport:true()' to 'teleport:false()' 
LockHandler on Watson: access type 'teleport_here' changed from 'teleport_here:true()' to 'teleport_here:false()'
26-03-11 18:53:53 [-] LockHandler on Watson: access type 'control' changed from 'control:perm(Developer)' to 'control:id(19) or perm(Admin)' 
LockHandler on Watson: access type 'delete' changed from 'delete:perm(Admin)' to 'delete:id(19) or perm(Admin)' 
LockHandler on Watson: access type 'edit' changed from 'edit:perm(Admin)' to 'edit:id(19) or perm(Admin)'
26-03-11 18:53:53 [-] LockHandler on Ellison Plaza: access type 'puppet' changed from 'puppet:pperm(Developer)' to 'puppet:false()' 
LockHandler on Ellison Plaza: access type 'get' changed from 'get:all()' to 'get:false()' 
LockHandler on Ellison Plaza: access type 'teleport' changed from 'teleport:true()' to 'teleport:false()' 
LockHandler on Ellison Plaza: access type 'teleport_here' changed from 'teleport_here:true()' to 'teleport_here:false()'
26-03-11 18:53:53 [-] LockHandler on Ellison Plaza: access type 'control' changed from 'control:perm(Developer)' to 'control:id(19) or perm(Admin)' 
LockHandler on Ellison Plaza: access type 'delete' changed from 'delete:perm(Admin)' to 'delete:id(19) or perm(Admin)' 
LockHandler on Ellison Plaza: access type 'edit' changed from 'edit:perm(Admin)' to 'edit:id(19) or perm(Admin)'
26-03-11 19:09:50 [-] LockHandler on Docks: access type 'get' changed from 'get:all()' to 'get:false()' 
LockHandler on Docks: access type 'puppet' changed from 'puppet:pperm(Developer)' to 'puppet:false()' 
LockHandler on Docks: access type 'teleport' changed from 'teleport:true()' to 'teleport:false()' 
LockHandler on Docks: access type 'teleport_here' changed from 'teleport_here:true()' to 'teleport_here:true()'
26-03-11 19:09:50 [-] LockHandler on Docks: access type 'control' changed from 'control:perm(Developer)' to 'control:id(19) or perm(Admin)' 
LockHandler on Docks: access type 'delete' changed from 'delete:perm(Admin)' to 'delete:id(19) or perm(Admin)' 
LockHandler on Docks: access type 'edit' changed from 'edit:perm(Admin)' to 'edit:id(19) or perm(Admin)'
26-03-11 19:09:50 [-] LockHandler on Docks: access type 'puppet' changed from 'puppet:pperm(Developer)' to 'puppet:false()' 
LockHandler on Docks: access type 'get' changed from 'get:all()' to 'get:false()' 
LockHandler on Docks: access type 'teleport' changed from 'teleport:true()' to 'teleport:false()' 
LockHandler on Docks: access type 'teleport_here' changed from 'teleport_here:true()' to 'teleport_here:false()'
26-03-11 19:09:50 [-] LockHandler on Docks: access type 'control' changed from 'control:perm(Developer)' to 'control:id(19) or perm(Admin)' 
LockHandler on Docks: access type 'delete' changed from 'delete:perm(Admin)' to 'delete:id(19) or perm(Admin)' 
LockHandler on Docks: access type 'edit' changed from 'edit:perm(Admin)' to 'edit:id(19) or perm(Admin)'
26-03-11 19:09:50 [-] LockHandler on Martin Street: access type 'puppet' changed from 'puppet:pperm(Developer)' to 'puppet:false()' 
LockHandler on Martin Street: access type 'get' changed from 'get:all()' to 'get:false()' 
LockHandler on Martin Street: access type 'teleport' changed from 'teleport:true()' to 'teleport:false()' 
LockHandler on Martin Street: access type 'teleport_here' changed from 'teleport_here:true()' to 'teleport_here:false()'
26-03-11 19:09:50 [-] LockHandler on Martin Street: access type 'control' changed from 'control:perm(Developer)' to 'control:id(19) or perm(Admin)' 
LockHandler on Martin Street: access type 'delete' changed from 'delete:perm(Admin)' to 'delete:id(19) or perm(Admin)' 
LockHandler on Martin Street: access type 'edit' changed from 'edit:perm(Admin)' to 'edit:id(19) or perm(Admin)'
26-03-12 03:38:03 [-] LockHandler on Ebunike Docks: access type 'get' changed from 'get:all()' to 'get:false()' 
LockHandler on Ebunike Docks: access type 'puppet' changed from 'puppet:pperm(Developer)' to 'puppet:false()' 
LockHandler on Ebunike Docks: access type 'teleport' changed from 'teleport:true()' to 'teleport:false()' 
LockHandler on Ebunike Docks: access type 'teleport_here' changed from 'teleport_here:true()' to 'teleport_here:true()'
26-03-12 03:38:03 [-] LockHandler on Ebunike Docks: access type 'control' changed from 'control:perm(Developer)' to 'control:id(19) or perm(Admin)' 
LockHandler on Ebunike Docks: access type 'delete' changed from 'delete:perm(Admin)' to 'delete:id(19) or perm(Admin)' 
LockHandler on Ebunike Docks: access type 'edit' changed from 'edit:perm(Admin)' to 'edit:id(19) or perm(Admin)'
26-03-12 03:38:03 [-] LockHandler on Ebunike: access type 'puppet' changed from 'puppet:pperm(Developer)' to 'puppet:false()' 
LockHandler on Ebunike: access type 'get' changed from 'get:all()' to 'get:false()' 
LockHandler on Ebunike: access type 'teleport' changed from 'teleport:true()' to 'teleport:false()' 
LockHandler on Ebunike: access type 'teleport_here' changed from 'teleport_here:true()' to 'teleport_here:false()'
26-03-12 03:38:03 [-] LockHandler on Ebunike: access type 'control' changed from 'control:perm(Developer)' to 'control:id(19) or perm(Admin)' 
LockHandler on Ebunike: access type 'delete' changed from 'delete:perm(Admin)' to 'delete:id(19) or perm(Admin)' 
LockHandler on Ebunike: access type 'edit' changed from 'edit:perm(Admin)' to 'edit:id(19) or perm(Admin)'
26-03-12 03:38:03 [-] LockHandler on Martin Street: access type 'puppet' changed from 'puppet:pperm(Developer)' to 'puppet:false()' 
LockHandler on Martin Street: access type 'get' changed from 'get:all()' to 'get:false()' 
LockHandler on Martin Street: access type 'teleport' changed from 'teleport:true()' to 'teleport:false()' 
LockHandler on Martin Street: access type 'teleport_here' changed from 'teleport_here:true()' to 'teleport_here:false()'
26-03-12 03:38:03 [-] LockHandler on Martin Street: access type 'control' changed from 'control:perm(Developer)' to 'control:id(19) or perm(Admin)' 
LockHandler on Martin Street: access type 'delete' changed from 'delete:perm(Admin)' to 'delete:id(19) or perm(Admin)' 
LockHandler on Martin Street: access type 'edit' changed from 'edit:perm(Admin)' to 'edit:id(19) or perm(Admin)'